[    0.000000] Linux version 4.15.0-212-generic (buildd@lcy02-amd64-083) (gcc version 7.5.0 (Ubuntu 7.5.0-3ubuntu1~18.04)) #223-Ubuntu SMP Tue May 23 13:09:22 UTC 2023 (Ubuntu 4.15.0-212.223-generic 4.15.18)
[    0.000000] Command line: BOOT_IMAGE=/boot/vmlinuz-4.15.0-212-generic root=LABEL=cloudimg-rootfs ro console=tty1 console=ttyS0
[    0.000000] KERNEL supported cpus:
[    0.000000]   Intel GenuineIntel
[    0.000000]   AMD AuthenticAMD
[    0.000000]   Centaur CentaurHauls
[    0.000000] x86/fpu: Supporting XSAVE feature 0x001: 'x87 floating point registers'
[    0.000000] x86/fpu: Supporting XSAVE feature 0x002: 'SSE registers'
[    0.000000] x86/fpu: Supporting XSAVE feature 0x004: 'AVX registers'
[    0.000000] x86/fpu: xstate_offset[2]:  576, xstate_sizes[2]:  256
[    0.000000] x86/fpu: Enabled xstate features 0x7, context size is 832 bytes, using 'standard' format.
[    0.000000] e820: BIOS-provided physical RAM map:
[    0.000000] BIOS-e820: [mem 0x0000000000000000-0x000000000009fbff] usable
[    0.000000] BIOS-e820: [mem 0x000000000009fc00-0x000000000009ffff] reserved
[    0.000000] BIOS-e820: [mem 0x00000000000f0000-0x00000000000fffff] reserved
[    0.000000] BIOS-e820: [mem 0x0000000000100000-0x000000007ffeffff] usable
[    0.000000] BIOS-e820: [mem 0x000000007fff0000-0x000000007fffffff] ACPI data
[    0.000000] BIOS-e820: [mem 0x00000000fec00000-0x00000000fec00fff] reserved
[    0.000000] BIOS-e820: [mem 0x00000000fee00000-0x00000000fee00fff] reserved
[    0.000000] BIOS-e820: [mem 0x00000000fffc0000-0x00000000ffffffff] reserved
[    0.000000] NX (Execute Disable) protection: active
[    0.000000] SMBIOS 2.5 present.
[    0.000000] DMI: innotek GmbH VirtualBox/VirtualBox, BIOS VirtualBox 12/01/2006
[    0.000000] Hypervisor detected: KVM
[    0.000000] e820: last_pfn = 0x7fff0 max_arch_pfn = 0x400000000
[    0.000000] MTRR: Disabled
[    0.000000] x86/PAT: MTRRs disabled, skipping PAT initialization too.
[    0.000000] CPU MTRRs all blank - virtualized system.
[    0.000000] x86/PAT: Configuration [0-7]: WB  WT  UC- UC  WB  WT  UC- UC  
[    0.000000] found SMP MP-table at [mem 0x0009fff0-0x0009ffff]
[    0.000000] Scanning 1 areas for low memory corruption
[    0.000000] RAMDISK: [mem 0x359cb000-0x36cdcfff]
[    0.000000] ACPI: Early table checksum verification disabled
[    0.000000] ACPI: RSDP 0x00000000000E0000 000024 (v02 VBOX  )
[    0.000000] ACPI: XSDT 0x000000007FFF0030 00003C (v01 VBOX   VBOXXSDT 00000001 ASL  00000061)
[    0.000000] ACPI: FACP 0x000000007FFF00F0 0000F4 (v04 VBOX   VBOXFACP 00000001 ASL  00000061)
[    0.000000] ACPI: DSDT 0x000000007FFF0610 002353 (v02 VBOX   VBOXBIOS 00000002 INTL 20221020)
[    0.000000] ACPI: FACS 0x000000007FFF0200 000040
[    0.000000] ACPI: FACS 0x000000007FFF0200 000040
[    0.000000] ACPI: APIC 0x000000007FFF0240 00005C (v02 VBOX   VBOXAPIC 00000001 ASL  00000061)
[    0.000000] ACPI: SSDT 0x000000007FFF02A0 00036C (v01 VBOX   VBOXCPUT 00000002 INTL 20221020)
[    0.000000] ACPI: Reserving FACP table memory at [mem 0x7fff00f0-0x7fff01e3]
[    0.000000] ACPI: Reserving DSDT table memory at [mem 0x7fff0610-0x7fff2962]
[    0.000000] ACPI: Reserving FACS table memory at [mem 0x7fff0200-0x7fff023f]
[    0.000000] ACPI: Reserving FACS table memory at [mem 0x7fff0200-0x7fff023f]
[    0.000000] ACPI: Reserving APIC table memory at [mem 0x7fff0240-0x7fff029b]
[    0.000000] ACPI: Reserving SSDT table memory at [mem 0x7fff02a0-0x7fff060b]
[    0.000000] No NUMA configuration found
[    0.000000] Faking a node at [mem 0x0000000000000000-0x000000007ffeffff]
[    0.000000] NODE_DATA(0) allocated [mem 0x7ffc5000-0x7ffeffff]
[    0.000000] kvm-clock: cpu 0, msr 0:7ff44001, primary cpu clock
[    0.000000] kvm-clock: Using msrs 4b564d01 and 4b564d00
[    0.000000] kvm-clock: using sched offset of 2829003690 cycles
[    0.000000] clocksource: kvm-clock: mask: 0xffffffffffffffff max_cycles: 0x1cd42e4dffb, max_idle_ns: 881590591483 ns
[    0.000000] Zone ranges:
[    0.000000]   DMA      [mem 0x0000000000001000-0x0000000000ffffff]
[    0.000000]   DMA32    [mem 0x0000000001000000-0x000000007ffeffff]
[    0.000000]   Normal   empty
[    0.000000]   Device   empty
[    0.000000] Movable zone start for each node
[    0.000000] Early memory node ranges
[    0.000000]   node   0: [mem 0x0000000000001000-0x000000000009efff]
[    0.000000]   node   0: [mem 0x0000000000100000-0x000000007ffeffff]
[    0.000000] Reserved but unavailable: 104 pages
[    0.000000] Initmem setup node 0 [mem 0x0000000000001000-0x000000007ffeffff]
[    0.000000] ACPI: PM-Timer IO Port: 0x4008
[    0.000000] IOAPIC[0]: apic_id 2, version 32, address 0xfec00000, GSI 0-23
[    0.000000] ACPI: INT_SRC_OVR (bus 0 bus_irq 0 global_irq 2 dfl dfl)
[    0.000000] ACPI: INT_SRC_OVR (bus 0 bus_irq 9 global_irq 9 low level)
[    0.000000] Using ACPI (MADT) for SMP configuration information
[    0.000000] smpboot: Allowing 2 CPUs, 0 hotplug CPUs
[    0.000000] PM: Registered nosave memory: [mem 0x00000000-0x00000fff]
[    0.000000] PM: Registered nosave memory: [mem 0x0009f000-0x0009ffff]
[    0.000000] PM: Registered nosave memory: [mem 0x000a0000-0x000effff]
[    0.000000] PM: Registered nosave memory: [mem 0x000f0000-0x000fffff]
[    0.000000] e820: [mem 0x80000000-0xfebfffff] available for PCI devices
[    0.000000] Booting paravirtualized kernel on KVM
[    0.000000] clocksource: refined-jiffies: mask: 0xffffffff max_cycles: 0xffffffff, max_idle_ns: 7645519600211568 ns
[    0.000000] setup_percpu: NR_CPUS:8192 nr_cpumask_bits:2 nr_cpu_ids:2 nr_node_ids:1
[    0.000000] percpu: Embedded 50 pages/cpu s167936 r8192 d28672 u1048576
[    0.000000] PV qspinlock hash table entries: 256 (order: 0, 4096 bytes)
[    0.000000] Built 1 zonelists, mobility grouping on.  Total pages: 515961
[    0.000000] Policy zone: DMA32
[    0.000000] Kernel command line: BOOT_IMAGE=/boot/vmlinuz-4.15.0-212-generic root=LABEL=cloudimg-rootfs ro console=tty1 console=ttyS0
[    0.000000] Memory: 2014836K/2096696K available (12300K kernel code, 2477K rwdata, 4324K rodata, 2480K init, 2720K bss, 81860K reserved, 0K cma-reserved)
[    0.000000] SLUB: HWalign=64, Order=0-3, MinObjects=0, CPUs=2, Nodes=1
[    0.000000] Kernel/User page tables isolation: enabled
[    0.000000] ftrace: allocating 39508 entries in 155 pages
[    0.004000] Hierarchical RCU implementation.
[    0.004000] 	RCU restricting CPUs from NR_CPUS=8192 to nr_cpu_ids=2.
[    0.004000] 	Tasks RCU enabled.
[    0.004000] RCU: Adjusting geometry for rcu_fanout_leaf=16, nr_cpu_ids=2
[    0.004000] NR_IRQS: 524544, nr_irqs: 440, preallocated irqs: 16
[    0.004000] random: crng init done
[    0.004000] Console: colour VGA+ 80x25
[    0.004000] console [tty1] enabled
[    0.004000] console [ttyS0] enabled
[    0.004000] ACPI: Core revision 20170831
[    0.004000] ACPI: 2 ACPI AML tables successfully acquired and loaded
[    0.004000] APIC: Switch to symmetric I/O mode setup
[    0.004000] x2apic enabled
[    0.004000] Switched APIC routing to physical x2apic.
[    0.004000] ..TIMER: vector=0x30 apic1=0 pin1=2 apic2=-1 pin2=-1
[    0.004000] tsc: Detected 2419.200 MHz processor
[    0.004000] Calibrating delay loop (skipped) preset value.. 4838.40 BogoMIPS (lpj=9676800)
[    0.004000] pid_max: default: 32768 minimum: 301
[    0.004000] Security Framework initialized
[    0.004000] Yama: becoming mindful.
[    0.004000] AppArmor: AppArmor initialized
[    0.004000] Dentry cache hash table entries: 262144 (order: 9, 2097152 bytes)
[    0.004000] Inode-cache hash table entries: 131072 (order: 8, 1048576 bytes)
[    0.004000] Mount-cache hash table entries: 4096 (order: 3, 32768 bytes)
[    0.004000] Mountpoint-cache hash table entries: 4096 (order: 3, 32768 bytes)
[    0.004000] Last level iTLB entries: 4KB 0, 2MB 0, 4MB 0
[    0.004000] Last level dTLB entries: 4KB 0, 2MB 0, 4MB 0, 1GB 0
[    0.004000] Spectre V1 : Mitigation: usercopy/swapgs barriers and __user pointer sanitization
[    0.004000] Spectre V2 : Mitigation: Retpolines
[    0.004000] Spectre V2 : Spectre v2 / SpectreRSB mitigation: Filling RSB on context switch
[    0.004000] Spectre V2 : Spectre v2 / SpectreRSB : Filling RSB on VMEXIT
[    0.004000] Speculative Store Bypass: Vulnerable
[    0.004027] MDS: Mitigation: Clear CPU buffers
[    0.004682] Freeing SMP alternatives memory: 36K
[    0.122353] smpboot: CPU0: 11th Gen Intel(R) Core(TM) i5-1135G7 @ 2.40GHz (family: 0x6, model: 0x8c, stepping: 0x1)
[    0.123662] Performance Events: unsupported p6 CPU model 140 no PMU driver, software events only.
[    0.124000] Hierarchical SRCU implementation.
[    0.124000] NMI watchdog: Perf event create on CPU 0 failed with -2
[    0.124002] NMI watchdog: Perf NMI watchdog permanently disabled
[    0.124718] smp: Bringing up secondary CPUs ...
[    0.125326] x86: Booting SMP configuration:
[    0.125812] .... node  #0, CPUs:      #1
[    0.004000] kvm-clock: cpu 1, msr 0:7ff44041, secondary cpu clock
[    0.128080] smp: Brought up 1 node, 2 CPUs
[    0.128789] smpboot: Max logical packages: 1
[    0.129312] smpboot: Total of 2 processors activated (9676.80 BogoMIPS)
[    0.132144] devtmpfs: initialized
[    0.132552] x86/mm: Memory block size: 128MB
[    0.133473] evm: security.selinux
[    0.134105] evm: security.SMACK64
[    0.134550] evm: security.SMACK64EXEC
[    0.134987] evm: security.SMACK64TRANSMUTE
[    0.135507] evm: security.SMACK64MMAP
[    0.136025] evm: security.apparmor
[    0.136603] evm: security.ima
[    0.136986] evm: security.capability
[    0.137463] clocksource: jiffies: mask: 0xffffffff max_cycles: 0xffffffff, max_idle_ns: 7645041785100000 ns
[    0.137463] futex hash table entries: 512 (order: 3, 32768 bytes)
[    0.140093] pinctrl core: initialized pinctrl subsystem
[    0.141133] RTC time: 14:37:08, date: 10/11/23
[    0.141978] NET: Registered protocol family 16
[    0.142767] audit: initializing netlink subsys (disabled)
[    0.143472] audit: type=2000 audit(1697035032.452:1): state=initialized audit_enabled=0 res=1
[    0.144038] cpuidle: using governor ladder
[    0.144560] cpuidle: using governor menu
[    0.145174] ACPI: bus type PCI registered
[    0.145710] acpiphp: ACPI Hot Plug PCI Controller Driver version: 0.5
[    0.146773] PCI: Using configuration type 1 for base access
[    0.149011] HugeTLB registered 2.00 MiB page size, pre-allocated 0 pages
[    0.149152] ACPI: Added _OSI(Module Device)
[    0.149152] ACPI: Added _OSI(Processor Device)
[    0.149152] ACPI: Added _OSI(3.0 _SCP Extensions)
[    0.149431] ACPI: Added _OSI(Processor Aggregator Device)
[    0.152010] ACPI: Added _OSI(Linux-Dell-Video)
[    0.152512] ACPI: Added _OSI(Linux-Lenovo-NV-HDMI-Audio)
[    0.153067] ACPI: Added _OSI(Linux-HPI-Hybrid-Graphics)
[    0.153809] ACPI: Executed 1 blocks of module-level executable AML code
[    0.159153] ACPI: Interpreter enabled
[    0.160026] ACPI: (supports S0 S5)
[    0.160461] ACPI: Using IOAPIC for interrupt routing
[    0.161315] PCI: Using host bridge windows from ACPI; if necessary, use "pci=nocrs" and report a bug
[    0.162497] ACPI: Enabled 2 GPEs in block 00 to 07
[    0.166744] ACPI: PCI Root Bridge [PCI0] (domain 0000 [bus 00-ff])
[    0.167480] acpi PNP0A03:00: _OSC: OS supports [ASPM ClockPM Segments MSI]
[    0.168373] acpi PNP0A03:00: _OSC: not requesting OS control; OS requires [ExtendedConfig ASPM ClockPM MSI]
[    0.169484] acpi PNP0A03:00: fail to add MMCONFIG information, can't access extended PCI configuration space under this bridge.
[    0.170972] PCI host bridge to bus 0000:00
[    0.171466] pci_bus 0000:00: root bus resource [io  0x0000-0x0cf7 window]
[    0.172002] pci_bus 0000:00: root bus resource [io  0x0d00-0xffff window]
[    0.172744] pci_bus 0000:00: root bus resource [mem 0x000a0000-0x000bffff window]
[    0.173598] pci_bus 0000:00: root bus resource [mem 0x80000000-0xfdffffff window]
[    0.174862] pci_bus 0000:00: root bus resource [bus 00-ff]
[    0.176715] pci 0000:00:01.1: legacy IDE quirk: reg 0x10: [io  0x01f0-0x01f7]
[    0.177484] pci 0000:00:01.1: legacy IDE quirk: reg 0x14: [io  0x03f6]
[    0.178191] pci 0000:00:01.1: legacy IDE quirk: reg 0x18: [io  0x0170-0x0177]
[    0.178955] pci 0000:00:01.1: legacy IDE quirk: reg 0x1c: [io  0x0376]
[    0.191125] pci 0000:00:07.0: quirk: [io  0x4000-0x403f] claimed by PIIX4 ACPI
[    0.191986] pci 0000:00:07.0: quirk: [io  0x4100-0x410f] claimed by PIIX4 SMB
[    0.200246] ACPI: PCI Interrupt Link [LNKA] (IRQs 5 9 10 *11)
[    0.201110] ACPI: PCI Interrupt Link [LNKB] (IRQs 5 9 *10 11)
[    0.201796] ACPI: PCI Interrupt Link [LNKC] (IRQs 5 *9 10 11)
[    0.202475] ACPI: PCI Interrupt Link [LNKD] (IRQs 5 9 10 *11)
[    0.203321] SCSI subsystem initialized
[    0.203793] pci 0000:00:02.0: vgaarb: setting as boot VGA device
[    0.203793] pci 0000:00:02.0: vgaarb: VGA device added: decodes=io+mem,owns=io+mem,locks=none
[    0.204003] pci 0000:00:02.0: vgaarb: bridge control possible
[    0.204618] vgaarb: loaded
[    0.204958] ACPI: bus type USB registered
[    0.205425] usbcore: registered new interface driver usbfs
[    0.206029] usbcore: registered new interface driver hub
[    0.208005] usbcore: registered new device driver usb
[    0.208576] EDAC MC: Ver: 3.0.0
[    0.208576] PCI: Using ACPI for IRQ routing
[    0.208623] NetLabel: Initializing
[    0.209038] NetLabel:  domain hash size = 128
[    0.209515] NetLabel:  protocols = UNLABELED CIPSOv4 CALIPSO
[    0.210123] NetLabel:  unlabeled traffic allowed by default
[    0.212043] clocksource: Switched to clocksource kvm-clock
[    0.219309] VFS: Disk quotas dquot_6.6.0
[    0.219879] VFS: Dquot-cache hash table entries: 512 (order 0, 4096 bytes)
[    0.220007] AppArmor: AppArmor Filesystem Enabled
[    0.220007] pnp: PnP ACPI init
[    0.220007] pnp: PnP ACPI: found 3 devices
[    0.228660] clocksource: acpi_pm: mask: 0xffffff max_cycles: 0xffffff, max_idle_ns: 2085701024 ns
[    0.229722] NET: Registered protocol family 2
[    0.230237] IP idents hash table entries: 32768 (order: 6, 262144 bytes)
[    0.231094] TCP established hash table entries: 16384 (order: 5, 131072 bytes)
[    0.231936] TCP bind hash table entries: 16384 (order: 6, 262144 bytes)
[    0.232844] TCP: Hash tables configured (established 16384 bind 16384)
[    0.233615] UDP hash table entries: 1024 (order: 3, 32768 bytes)
[    0.234292] UDP-Lite hash table entries: 1024 (order: 3, 32768 bytes)
[    0.235021] NET: Registered protocol family 1
[    0.235533] pci 0000:00:00.0: Limiting direct PCI/PCI transfers
[    0.236201] pci 0000:00:01.0: Activating ISA DMA hang workarounds
[    0.236674] pci 0000:00:02.0: Video device with shadowed ROM at [mem 0x000c0000-0x000dffff]
[    0.236674] Unpacking initramfs...
[    0.438112] Freeing initrd memory: 19528K
[    0.438576] clocksource: tsc: mask: 0xffffffffffffffff max_cycles: 0x22df1149949, max_idle_ns: 440795312789 ns
[    0.439433] platform rtc_cmos: registered platform RTC device (no PNP device found)
[    0.440044] Scanning for low memory corruption every 60 seconds
[    0.440954] Initialise system trusted keyrings
[    0.441404] Key type blacklist registered
[    0.441948] workingset: timestamp_bits=36 max_order=19 bucket_order=0
[    0.443164] zbud: loaded
[    0.443743] squashfs: version 4.0 (2009/01/31) Phillip Lougher
[    0.444321] fuse init (API version 7.26)
[    0.445531] Key type asymmetric registered
[    0.446016] Asymmetric key parser 'x509' registered
[    0.446457] Block layer SCSI generic (bsg) driver version 0.4 loaded (major 246)
[    0.447096] io scheduler noop registered
[    0.447444] io scheduler deadline registered
[    0.447832] io scheduler cfq registered (default)
[    0.448418] ACPI: AC Adapter [AC] (on-line)
[    0.448819] input: Power Button as /devices/LNXSYSTM:00/LNXPWRBN:00/input/input0
[    0.449479] ACPI: Power Button [PWRF]
[    0.449859] input: Sleep Button as /devices/LNXSYSTM:00/LNXSLPBN:00/input/input1
[    0.450493] ACPI: Sleep Button [SLPF]
[    0.451368] ACPI: Battery Slot [BAT0] (battery present)
[    0.451911] Serial: 8250/16550 driver, 32 ports, IRQ sharing enabled
[    0.472790] 00:02: ttyS0 at I/O 0x3f8 (irq = 4, base_baud = 115200) is a 16550A
[    0.474568] Linux agpgart interface v0.103
[    0.475767] loop: module loaded
[    0.476384] scsi host0: ata_piix
[    0.476741] scsi host1: ata_piix
[    0.477064] ata1: PATA max UDMA/33 cmd 0x1f0 ctl 0x3f6 bmdma 0xd000 irq 14
[    0.477630] ata2: PATA max UDMA/33 cmd 0x170 ctl 0x376 bmdma 0xd008 irq 15
[    0.478295] tun: Universal TUN/TAP device driver, 1.6
[    0.478790] PPP generic driver version 2.4.2
[    0.479326] ehci_hcd: USB 2.0 'Enhanced' Host Controller (EHCI) Driver
[    0.479918] ehci-pci: EHCI PCI platform driver
[    0.480390] ehci-platform: EHCI generic platform driver
[    0.480872] ohci_hcd: USB 1.1 'Open' Host Controller (OHCI) Driver
[    0.481419] ohci-pci: OHCI PCI platform driver
[    0.481841] ohci-platform: OHCI generic platform driver
[    0.482309] uhci_hcd: USB Universal Host Controller Interface driver
[    0.482928] i8042: PNP: PS/2 Controller [PNP0303:PS2K,PNP0f03:PS2M] at 0x60,0x64 irq 1,12
[    0.484005] serio: i8042 KBD port at 0x60,0x64 irq 1
[    0.484542] serio: i8042 AUX port at 0x60,0x64 irq 12
[    0.485057] mousedev: PS/2 mouse device common for all mice
[    0.485854] input: AT Translated Set 2 keyboard as /devices/platform/i8042/serio0/input/input2
[    0.486801] rtc_cmos rtc_cmos: rtc core: registered rtc_cmos as rtc0
[    0.487385] rtc_cmos rtc_cmos: alarms up to one day, 114 bytes nvram
[    0.487959] i2c /dev entries driver
[    0.488360] device-mapper: uevent: version 1.0.3
[    0.488846] device-mapper: ioctl: 4.37.0-ioctl (2017-09-20) initialised: dm-devel@redhat.com
[    0.489656] ledtrig-cpu: registered to indicate activity on CPUs
[    0.490430] NET: Registered protocol family 10
[    0.492919] Segment Routing with IPv6
[    0.493337] NET: Registered protocol family 17
[    0.493866] Key type dns_resolver registered
[    0.494387] mce: Using 0 MCE banks
[    0.494735] RAS: Correctable Errors collector initialized.
[    0.495227] sched_clock: Marking stable (494369620, 0)->(600449271, -106079651)
[    0.496095] registered taskstats version 1
[    0.496516] Loading compiled-in X.509 certificates
[    0.498295] Loaded X.509 cert 'Build time autogenerated kernel key: b5b26778eaa3ab3a4a6cee031137706e947d12ad'
[    0.499638] Loaded X.509 cert 'Canonical Ltd. Live Patch Signing: 14df34d1a87cf37625abec039ef2bf521249b969'
[    0.501016] Loaded X.509 cert 'Canonical Ltd. Kernel Module Signing: 88f752e560a1e0737e31163a466ad7b70a850c19'
[    0.501944] blacklist: Loading compiled-in revocation X.509 certificates
[    0.502695] Loaded X.509 cert 'Canonical Ltd. Secure Boot Signing: 61482aa2830d0ab2ad5af10b7250da9033ddcef0'
[    0.503661] Loaded X.509 cert 'Canonical Ltd. Secure Boot Signing (2017): 242ade75ac4a15e50d50c84b0d45ff3eae707a03'
[    0.504718] Loaded X.509 cert 'Canonical Ltd. Secure Boot Signing (ESM 2018): 365188c1d374d6b07c3c8f240f8ef722433d6a8b'
[    0.505795] Loaded X.509 cert 'Canonical Ltd. Secure Boot Signing (2019): c0746fd6c5da3ae827864651ad66ae47fe24b3e8'
[    0.506889] Loaded X.509 cert 'Canonical Ltd. Secure Boot Signing (2021 v1): a8d54bbb3825cfb94fa13c9f8a594a195c107b8d'
[    0.507996] Loaded X.509 cert 'Canonical Ltd. Secure Boot Signing (2021 v2): 4cf046892d6fd3c9a5b03f98d845f90851dc6a8c'
[    0.509139] Loaded X.509 cert 'Canonical Ltd. Secure Boot Signing (2021 v3): 100437bb6de6e469b581e61cd66bce3ef4ed53af'
[    0.510203] Loaded X.509 cert 'Canonical Ltd. Secure Boot Signing (Ubuntu Core 2019): c1d57b8f6b743f23ee41f4f7ee292f06eecadfb9'
[    0.511339] zswap: loaded using pool lzo/zbud
[    0.514233] Key type big_key registered
[    0.514721] Key type trusted registered
[    0.516124] Key type encrypted registered
[    0.516566] AppArmor: AppArmor sha1 policy hashing enabled
[    0.517137] ima: No TPM chip found, activating TPM-bypass! (rc=-19)
[    0.517779] ima: Allocated hash algorithm: sha1
[    0.518273] evm: HMAC attrs: 0x1
[    0.518829]   Magic number: 11:915:636
[    0.519276] power_supply AC: hash matches
[    0.519772] rtc_cmos rtc_cmos: setting system clock to 2023-10-11 14:37:08 UTC (1697035028)
[    0.520750] BIOS EDD facility v0.16 2004-Jun-25, 0 devices found
[    0.521363] EDD information not available.
[    0.659017] Freeing unused kernel image memory: 2480K
[    0.960187] Write protecting the kernel read-only data: 20480k
[    0.961908] Freeing unused kernel image memory: 2008K
[    0.963373] Freeing unused kernel image memory: 1820K
[    0.967911] x86/mm: Checked W+X mappings: passed, no W+X pages found.
[    0.968831] x86/mm: Checking user space page tables
[    0.972828] x86/mm: Checked W+X mappings: passed, no W+X pages found.
Loading, please wait...
starting version 237
[    1.060015] e1000: Intel(R) PRO/1000 Network Driver - version 7.3.21-k8-NAPI
[    1.060832] e1000: Copyright (c) 1999-2006 Intel Corporation.
[    1.063158] Fusion MPT base driver 3.04.20
[    1.063701] Copyright (c) 1999-2008 LSI Corporation
[    1.074895] AVX2 version of gcm_enc/dec engaged.
[    1.075615] AES CTR mode by8 optimization enabled
[    1.079014] Fusion MPT SPI Host driver 3.04.20
[    1.295986] input: ImExPS/2 Generic Explorer Mouse as /devices/platform/i8042/serio1/input/input4
[    1.494561] e1000 0000:00:03.0 eth0: (PCI:33MHz:32-bit) 02:3b:7b:b7:3b:2d
[    1.495467] e1000 0000:00:03.0 eth0: Intel(R) PRO/1000 Network Connection
[    1.496904] mptbase: ioc0: Initiating bringup
[    1.604187] ioc0: LSI53C1030 A0: Capabilities={Initiator}
[    1.846203] scsi host2: ioc0: LSI53C1030 A0, FwRev=00000000h, Ports=1, MaxQ=256, IRQ=20
[    2.017388] scsi 2:0:0:0: Direct-Access     VBOX     HARDDISK         1.0  PQ: 0 ANSI: 5
[    2.876908] scsi target2:0:0: Beginning Domain Validation
[    2.891309] scsi target2:0:0: Domain Validation skipping write tests
[    2.892692] scsi target2:0:0: Ending Domain Validation
[    2.894193] e1000 0000:00:08.0 eth1: (PCI:33MHz:32-bit) 08:00:27:0a:08:d0
[    2.895233] e1000 0000:00:08.0 eth1: Intel(R) PRO/1000 Network Connection
[    2.896566] scsi target2:0:0: asynchronous
[    2.897547] scsi 2:0:1:0: Direct-Access     VBOX     HARDDISK         1.0  PQ: 0 ANSI: 5
[    3.090408] scsi target2:0:1: Beginning Domain Validation
[    3.092533] scsi target2:0:1: Domain Validation skipping write tests
[    3.093220] scsi target2:0:1: Ending Domain Validation
[    3.093735] scsi target2:0:1: asynchronous
[    3.098131] sd 2:0:0:0: Attached scsi generic sg0 type 0
[    3.098921] sd 2:0:0:0: [sda] 83886080 512-byte logical blocks: (42.9 GB/40.0 GiB)
[    3.098925] sd 2:0:1:0: Attached scsi generic sg1 type 0
[    3.100377] sd 2:0:0:0: [sda] Write Protect is off
[    3.101029] sd 2:0:1:0: [sdb] 20480 512-byte logical blocks: (10.5 MB/10.0 MiB)
[    3.101924] sd 2:0:1:0: [sdb] Write Protect is off
[    3.102758] sd 2:0:0:0: [sda] Incomplete mode parameter data
[    3.103415] sd 2:0:0:0: [sda] Assuming drive cache: write through
[    3.104139] sd 2:0:1:0: [sdb] Incomplete mode parameter data
[    3.104773] sd 2:0:1:0: [sdb] Assuming drive cache: write through
[    3.113587]  sda: sda1
[    3.114359] sd 2:0:0:0: [sda] Attached SCSI disk
[    3.114918] sd 2:0:1:0: [sdb] Attached SCSI disk
[    3.116050] e1000 0000:00:08.0 enp0s8: renamed from eth1
[    3.132192] e1000 0000:00:03.0 enp0s3: renamed from eth0
Begin: Loading essential drivers ... [    4.548872] raid6: sse2x1   gen() 16528 MB/s
[    4.596212] raid6: sse2x1   xor()  7348 MB/s
[    4.656063] raid6: sse2x2   gen() 21387 MB/s
[    4.704467] raid6: sse2x2   xor() 10922 MB/s
[    4.755677] raid6: sse2x4   gen() 23203 MB/s
[    4.807710] raid6: sse2x4   xor() 14662 MB/s
[    4.859604] raid6: avx2x1   gen() 36477 MB/s
[    4.915655] raid6: avx2x1   xor() 21882 MB/s
[    4.971708] raid6: avx2x2   gen() 47959 MB/s
[    5.026766] raid6: avx2x2   xor() 31362 MB/s
[    5.080573] raid6: avx2x4   gen() 38111 MB/s
[    5.140110] raid6: avx2x4   xor() 20940 MB/s
[    5.140697] raid6: using algorithm avx2x2 gen() 47959 MB/s
[    5.141251] raid6: .... xor() 31362 MB/s, rmw enabled
[    5.141759] raid6: using avx2x2 recovery algorithm
[    5.143305] xor: automatically using best checksumming function   avx       
[    5.145007] async_tx: api initialized (async)
done.
Begin: Running /scripts/init-premount ... done.
Begin: Mounting root file system ... Begin: Running /scripts/local-top ... done.
Begin: Running /scripts/local-premount ... [    5.175071] Btrfs loaded, crc32c=crc32c-intel
Scanning for Btrfs filesystems
done.
Warning: fsck not present, so skipping root file system
[    5.198406] EXT4-fs (sda1): mounted filesystem with ordered data mode. Opts: (null)
done.
Begin: Running /scripts/local-bottom ... done.
Begin: Running /scripts/init-bottom ... done.
[    5.293906] ip_tables: (C) 2000-2006 Netfilter Core Team
[    5.297690] systemd[1]: systemd 237 running in system mode. (+PAM +AUDIT +SELINUX +IMA +APPARMOR +SMACK +SYSVINIT +UTMP +LIBCRYPTSETUP +GCRYPT +GNUTLS +ACL +XZ +LZ4 +SECCOMP +BLKID +ELFUTILS +KMOD -IDN2 +IDN -PCRE2 default-hierarchy=hybrid)
[    5.300089] systemd[1]: Detected virtualization oracle.
[    5.300702] systemd[1]: Detected architecture x86-64.

Welcome to [1mUbuntu 18.04.6 LTS[0m!

[    5.303783] systemd[1]: Set hostname to <node1>.
[    5.423649] systemd[1]: Reached target User and Group Name Lookups.
[[0;32m  OK  [0m] Reached target User and Group Name Lookups.
[    5.425105] systemd[1]: Set up automount Arbitrary Executable File Formats File System Automount Point.
[[0;32m  OK  [0m] Set up automount Arbitrary Executabâ€¦rmats File System Automount Point.
[    5.426801] systemd[1]: Reached target Swap.
[[0;32m  OK  [0m] Reached target Swap.
[    5.428454] systemd[1]: Created slice System Slice.
[[0;32m  OK  [0m] Created slice System Slice.
[    5.429625] systemd[1]: Created slice system-serial\x2dgetty.slice.
[[0;32m  OK  [0m] Created slice system-serial\x2dgetty.slice.
[    5.430867] systemd[1]: Listening on /dev/initctl Compatibility Named Pipe.
[[0;32m  OK  [0m] Listening on /dev/initctl Compatibility Named Pipe.
[[0;32m  OK  [0m] Created slice User and Session Slice.
[[0;32m  OK  [0m] Reached target Slices.
[[0;32m  OK  [0m] Listening on Journal Socket.
         Mounting POSIX Message Queue File System...
         Starting Uncomplicated firewall...
         Starting Load Kernel Modules...
[[0;32m  OK  [0m] Listening on udev Kernel Socket.
[[0;32m  OK  [0m] Started Forward Password Requests to Wall Directory Watch.
[[0;32m  OK  [0m] Listening on Journal Audit Socket.
[[0;32m  OK  [0m] Listening on Network Service Netlink Socket.
[[0;32m  OK  [0m] Reached target System Time Synchronized.
         Starting Set the console keyboard layout...
[[0;32m  OK  [0m] Listening on Device-mapper event daemon FIFOs.
[[0;32m  OK  [0m] Reached target Mounting snaps.
[[0;32m  OK  [0m] Reached target Mounted snaps.
         Mounting Kernel Debug File System...
[[0;32m  OK  [0m] Listening on Journal Socket (/dev/log).
[[0;32m  OK  [0m] Listening on fsck to fsckd communication Socket.
         Starting File System Check on Root Device...
[[0;32m  OK  [0m] Listening on Syslog Socket.
         Starting Journal Service...
         Starting Create list of required stâ€¦ce nodes for the current kernel...
         Mounting Huge Pages File System...
[[0;32m  OK  [0m] Listening on LVM2 poll daemon socket.
[[0;32m  OK  [0m] Listening on udev Control Socket.
         Starting udev Coldplug all Devices...
[    5.451106] Loading iSCSI transport class v2.0-870.
[[0;32m  OK  [0m] Listening on LVM2 metadata daemon socket.
         Starting Monitoring of LVM2 mirrorsâ€¦ng dmeventd or progress polling...
[[0;32m  OK  [0m] Mounted POSIX Message Queue File System.
[[0;32m  OK  [0m] Started Uncomplicated firewall.
[[0;32m  OK  [0m] Mounted Kernel Debug File System.
[[0;32m  OK  [0m] Mounted Huge Pages File System.
[[0;32m  OK  [0m] Started File System Check Daemon to report status.
[[0;32m  OK  [0m] Started Create list of required staâ€¦vice nodes for the current kernel.
         Starting Create Static Device Nodes in /dev...
[    5.491260] iscsi: registered transport (tcp)
[[0;32m  OK  [0m] Started udev Coldplug all Devices.
[[0;32m  OK  [0m] Started Journal Service.
[    5.501256] iscsi: registered transport (iser)
[[0;32m  OK  [0m] Started Load Kernel Modules.
         Starting Apply Kernel Variables...
         Mounting FUSE Control File System...
         Mounting Kernel Configuration File System...
[[0;32m  OK  [0m] Mounted FUSE Control File System.
[[0;32m  OK  [0m] Mounted Kernel Configuration File System.
[[0;32m  OK  [0m] Started LVM2 metadata daemon.
[[0;32m  OK  [0m] Started Create Static Device Nodes in /dev.
[[0;32m  OK  [0m] Started File System Check on Root Device.
         Starting Remount Root and Kernel File Systems...
[[0;32m  OK  [0m] Started Apply Kernel Variables.
[[0;32m  OK  [0m] Started Monitoring of LVM2 mirrors,â€¦sing dmeventd or progress polling.
[[0;32m  OK  [0m] Started Remount Root and Kernel File Systems.
         Starting Flush Journal to Persistent Storage...
         Starting udev Kernel Device Manager...
         Starting Load/Save Random Seed...
[[0;32m  OK  [0m] Started Set the console keyboard layout.
[[0;32m  OK  [0m] Reached target Local File Systems (Pre).
[[0;32m  OK  [0m] Reached target Local File Systems.
         Starting Set console font and keymap...
         Starting ebtables ruleset management...
         Starting AppArmor initialization...
         Starting Tell Plymouth To Write Out Runtime Data...
[[0;32m  OK  [0m] Started Load/Save Random Seed.
[[0;32m  OK  [0m] Started udev Kernel Device Manager.
[[0;32m  OK  [0m] Started Dispatch Password Requests to Console Directory Watch.
[[0;32m  OK  [0m] Reached target Local Encrypted Volumes.
[[0;32m  OK  [0m] Started Set console font and keymap.
[[0;32m  OK  [0m] Started Tell Plymouth To Write Out Runtime Data.
[[0;32m  OK  [0m] Started Flush Journal to Persistent Storage.
         Starting Create Volatile Files and Directories...
[[0;32m  OK  [0m] Started Create Volatile Files and Directories.
[[0;32m  OK  [0m] Started ebtables ruleset management.
         Starting Update UTMP about System Boot/Shutdown...
[[0;32m  OK  [0m] Found device /dev/ttyS0.
[[0;32m  OK  [0m] Started Update UTMP about System Boot/Shutdown.
[[0;32m  OK  [0m] Listening on Load/Save RF Kill Switch Status /dev/rfkill Watch.
[[0;32m  OK  [0m] Started AppArmor initialization.
         Starting Initial cloud-init job (pre-networking)...
         Starting Load AppArmor profiles managed internally by snapd...
         Mounting Arbitrary Executable File Formats File System...
[[0;32m  OK  [0m] Mounted Arbitrary Executable File Formats File System.
[[0;32m  OK  [0m] Started Load AppArmor profiles managed internally by snapd.
[    6.833357] cloud-init[555]: Cloud-init v. 23.1.2-0ubuntu0~18.04.1 running 'init-local' at Wed, 11 Oct 2023 14:37:14 +0000. Up 6.72 seconds.
[[0;32m  OK  [0m] Started Initial cloud-init job (pre-networking).
[[0;32m  OK  [0m] Reached target Network (Pre).
         Starting Network Service...
[[0;32m  OK  [0m] Started Network Service.
         Starting Wait for Network to be Configured...
         Starting Network Name Resolution...
[[0;32m  OK  [0m] Started Network Name Resolution.
[[0;32m  OK  [0m] Reached target Host and Network Name Lookups.
[[0;32m  OK  [0m] Reached target Network.
[[0;32m  OK  [0m] Started Wait for Network to be Configured.
         Starting Initial cloud-init job (metadata service crawler)...
[    9.165123] cloud-init[684]: Cloud-init v. 23.1.2-0ubuntu0~18.04.1 running 'init' at Wed, 11 Oct 2023 14:37:17 +0000. Up 9.04 seconds.
[    9.165952] cloud-init[684]: ci-info: ++++++++++++++++++++++++++++++++++++++Net device info++++++++++++++++++++++++++++++++++++++
[    9.166821] cloud-init[684]: ci-info: +--------+------+----------------------------+---------------+--------+-------------------+
[    9.167722] cloud-init[684]: ci-info: | Device |  Up  |          Address           |      Mask     | Scope  |     Hw-Address    |
[    9.168596] cloud-init[684]: ci-info: +--------+------+----------------------------+---------------+--------+-------------------+
[    9.169451] cloud-init[684]: ci-info: | enp0s3 | True |         10.0.2.15          | 255.255.255.0 | global | 02:3b:7b:b7:3b:2d |
[    9.170291] cloud-init[684]: ci-info: | enp0s3 | True | fe80::3b:7bff:feb7:3b2d/64 |       .       |  link  | 02:3b:7b:b7:3b:2d |
[    9.171155] cloud-init[684]: ci-info: | enp0s8 | True |       192.168.56.115       | 255.255.255.0 | global | 08:00:27:0a:08:d0 |
[    9.172163] cloud-init[684]: ci-info: | enp0s8 | True | fe80::a00:27ff:fe0a:8d0/64 |       .       |  link  | 08:00:27:0a:08:d0 |
[    9.173012] cloud-init[684]: ci-info: |   lo   | True |         127.0.0.1          |   255.0.0.0   |  host  |         .         |
[    9.173826] cloud-init[684]: ci-info: |   lo   | True |          ::1/128           |       .       |  host  |         .         |
[    9.174571] cloud-init[684]: ci-info: +--------+------+----------------------------+---------------+--------+-------------------+
[    9.175305] cloud-init[684]: ci-info: +++++++++++++++++++++++++++++Route IPv4 info+++++++++++++++++++++++++++++
[    9.175947] cloud-init[684]: ci-info: +-------+--------------+----------+-----------------+-----------+-------+
[    9.184146] cloud-init[684]: ci-info: | Route | Destination  | Gateway  |     Genmask     | Interface | Flags |
[    9.184762] cloud-init[684]: ci-info: +-------+--------------+----------+-----------------+-----------+-------+
[    9.196125] cloud-init[684]: ci-info: |   0   |   0.0.0.0    | 10.0.2.2 |     0.0.0.0     |   enp0s3  |   UG  |
[    9.196714] cloud-init[684]: ci-info: |   1   |   10.0.2.0   | 0.0.0.0  |  255.255.255.0  |   enp0s3  |   U   |
[    9.197349] cloud-init[684]: ci-info: |   2   |   10.0.2.2   | 0.0.0.0  | 255.255.255.255 |   enp0s3  |   UH  |
[    9.208289] cloud-init[684]: ci-info: |   3   | 192.168.56.0 | 0.0.0.0  |  255.255.255.0  |   enp0s8  |   U   |
[    9.209000] cloud-init[684]: ci-info: +-------+--------------+----------+-----------------+-----------+-------+
[    9.209639] cloud-init[684]: ci-info: +++++++++++++++++++Route IPv6 info+++++++++++++++++++
[    9.210186] cloud-init[684]: ci-info: +-------+-------------+---------+-----------+-------+
[    9.210727] cloud-init[684]: ci-info: | Route | Destination | Gateway | Interface | Flags |
[    9.211236] cloud-init[684]: ci-info: +-------+-------------+---------+-----------+-------+
[    9.211755] cloud-init[684]: ci-info: |   1   |  fe80::/64  |    ::   |   enp0s8  |   U   |
[    9.212287] cloud-init[684]: ci-info: |   2   |  fe80::/64  |    ::   |   enp0s3  |   U   |
[    9.212900] cloud-init[684]: ci-info: |   4   |    local    |    ::   |   enp0s3  |   U   |
[    9.213686] cloud-init[684]: ci-info: |   5   |    local    |    ::   |   enp0s8  |   U   |
[    9.214271] cloud-init[684]: ci-info: |   6   |   ff00::/8  |    ::   |   enp0s8  |   U   |
[    9.214839] cloud-init[684]: ci-info: |   7   |   ff00::/8  |    ::   |   enp0s3  |   U   |
[    9.215400] cloud-init[684]: ci-info: +-------+-------------+---------+-----------+-------+
[[0;32m  OK  [0m] Started Initial cloud-init job (metadata service crawler).
[[0;32m  OK  [0m] Reached target Cloud-config availability.
[[0;32m  OK  [0m] Reached target System Initialization.
[[0;32m  OK  [0m] Listening on D-Bus System Message Bus Socket.
[[0;32m  OK  [0m] Started Discard unused blocks once a week.
[[0;32m  OK  [0m] Started Ubuntu Advantage Timer for running repeated jobs.
[[0;32m  OK  [0m] Listening on UUID daemon activation socket.
[[0;32m  OK  [0m] Started Daily apt download activities.
[[0;32m  OK  [0m] Started Daily apt upgrade and clean activities.
[[0;32m  OK  [0m] Started ACPI Events Check.
[[0;32m  OK  [0m] Listening on ACPID Listen Socket.
[[0;32m  OK  [0m] Started Message of the Day.
[[0;32m  OK  [0m] Started Daily Cleanup of Temporary Directories.
[[0;32m  OK  [0m] Listening on Open-iSCSI iscsid Socket.
[[0;32m  OK  [0m] Listening on cloud-init hotplug hook socket.
[[0;32m  OK  [0m] Reached target Paths.
         Starting Socket activation for snappy daemon.
[[0;32m  OK  [0m] Reached target Timers.
         Starting LXD - unix socket.
[[0;32m  OK  [0m] Reached target Network is Online.
         Starting Availability of block devices...
[[0;32m  OK  [0m] Reached target Remote File Systems (Pre).
         Mounting /vagrant...
[[0;32m  OK  [0m] Listening on Socket activation for snappy daemon.
[[0;32m  OK  [0m] Listening on LXD - unix socket.
[[0;32m  OK  [0m] Reached target Sockets.
[[0;32m  OK  [0m] Reached target Basic System.
         Starting LSB: Record successful boot for GRUB...
         Starting Login Service...
         Starting OpenBSD Secure Shell server...
         Starting Virtualbox guest utils...
[[0;32m  OK  [0m] Started Deferred execution scheduler.
         Starting LXD - container startup/shutdown...
[[0;32m  OK  [0m] Started D-Bus System Message Bus.
         Starting Dispatcher daemon for systemd-networkd...
[[0;32m  OK  [0m] Started irqbalance daemon.
[[0;32m  OK  [0m] Started Regular background program processing daemon.
[[0;32m  OK  [0m] Reached target Login Prompts (Pre).
         Starting System Logging Service...
[[0;32m  OK  [0m] Started FUSE filesystem for LXC.
         Starting Accounts Service...
         Starting Snap Daemon...
[[0;32m  OK  [0m] Started Availability of block devices.
[[0;32m  OK  [0m] Mounted /vagrant.
[[0;32m  OK  [0m] Started LXD - container startup/shutdown.
[[0;32m  OK  [0m] Started Login Service.
[[0;32m  OK  [0m] Started OpenBSD Secure Shell server.
[[0;32m  OK  [0m] Started Unattended Upgrades Shutdown.
[[0;32m  OK  [0m] Reached target Remote File Systems.
         Starting Permit User Sessions...
         Starting LSB: automatic crash report generation...
[[0;32m  OK  [0m] Started System Logging Service.
[[0;32m  OK  [0m] Started Permit User Sessions.
         Starting Terminate Plymouth Boot Screen...
         Starting Hold until boot process finishes up...
[[0;32m  OK  [0m] Started Hold until boot process finishes up.
         Starting Set console scheme...
[[0;32m  OK  [0m] Started Serial Getty on ttyS0.
[[0;32m  OK  [0m] Started Terminate Plymouth Boot Screen.
[[0;32m  OK  [0m] Started Set console scheme.
[[0;32m  OK  [0m] Created slice system-getty.slice.
[[0;32m  OK  [0m] Started Getty on tty1.
[[0;32m  OK  [0m] Reached target Login Prompts.
[[0;32m  OK  [0m] Started LSB: Record successful boot for GRUB.
[[0;32m  OK  [0m] Started Virtualbox guest utils.
         Starting Authorization Manager...
[[0;32m  OK  [0m] Started LSB: automatic crash report generation.
[[0;32m  OK  [0m] Started Authorization Manager.
[[0;32m  OK  [0m] Started Accounts Service.
[[0;32m  OK  [0m] Started Dispatcher daemon for systemd-networkd.
[[0;32m  OK  [0m] Started Snap Daemon.
         Starting Wait until snapd is fully seeded...
         Starting Time & Date Service...
[[0;32m  OK  [0m] Started Time & Date Service.
[[0;32m  OK  [0m] Started Wait until snapd is fully seeded.
         Starting Apply the settings specified in cloud-config...
[   10.427786] cloud-init[1118]: Cloud-init v. 23.1.2-0ubuntu0~18.04.1 running 'modules:config' at Wed, 11 Oct 2023 14:37:18 +0000. Up 10.36 seconds.
[[0;32m  OK  [0m] Started Apply the settings specified in cloud-config.
[[0;32m  OK  [0m] Reached target Multi-User System.
[[0;32m  OK  [0m] Reached target Graphical Interface.
         Starting Update UTMP about System Runlevel Changes...
         Starting Execute cloud user/final scripts...
[[0;32m  OK  [0m] Started Update UTMP about System Runlevel Changes.
[   10.796108] cloud-init[1162]: Cloud-init v. 23.1.2-0ubuntu0~18.04.1 running 'modules:final' at Wed, 11 Oct 2023 14:37:18 +0000. Up 10.71 seconds.
[   10.797086] cloud-init[1162]: Cloud-init v. 23.1.2-0ubuntu0~18.04.1 finished at Wed, 11 Oct 2023 14:37:18 +0000. Datasource DataSourceNoCloud [seed=/dev/sdb][dsmode=net].  Up 10.79 seconds
[[0;32m  OK  [0m] Started Execute cloud user/final scripts.
[[0;32m  OK  [0m] Reached target Cloud-init target.

Ubuntu 18.04.6 LTS node1 ttyS0

node1 login: 