[    0.000000] Linux version 4.15.0-212-generic (buildd@lcy02-amd64-083) (gcc version 7.5.0 (Ubuntu 7.5.0-3ubuntu1~18.04)) #223-Ubuntu SMP Tue May 23 13:09:22 UTC 2023 (Ubuntu 4.15.0-212.223-generic 4.15.18)
[    0.000000] Command line: BOOT_IMAGE=/boot/vmlinuz-4.15.0-212-generic root=LABEL=cloudimg-rootfs ro console=tty1 console=ttyS0
[    0.000000] KERNEL supported cpus:
[    0.000000]   Intel GenuineIntel
[    0.000000]   AMD AuthenticAMD
[    0.000000]   Centaur CentaurHauls
[    0.000000] x86/fpu: Supporting XSAVE feature 0x001: 'x87 floating point registers'
[    0.000000] x86/fpu: Supporting XSAVE feature 0x002: 'SSE registers'
[    0.000000] x86/fpu: Supporting XSAVE feature 0x004: 'AVX registers'
[    0.000000] x86/fpu: xstate_offset[2]:  576, xstate_sizes[2]:  256
[    0.000000] x86/fpu: Enabled xstate features 0x7, context size is 832 bytes, using 'standard' format.
[    0.000000] e820: BIOS-provided physical RAM map:
[    0.000000] BIOS-e820: [mem 0x0000000000000000-0x000000000009fbff] usable
[    0.000000] BIOS-e820: [mem 0x000000000009fc00-0x000000000009ffff] reserved
[    0.000000] BIOS-e820: [mem 0x00000000000f0000-0x00000000000fffff] reserved
[    0.000000] BIOS-e820: [mem 0x0000000000100000-0x000000007ffeffff] usable
[    0.000000] BIOS-e820: [mem 0x000000007fff0000-0x000000007fffffff] ACPI data
[    0.000000] BIOS-e820: [mem 0x00000000fec00000-0x00000000fec00fff] reserved
[    0.000000] BIOS-e820: [mem 0x00000000fee00000-0x00000000fee00fff] reserved
[    0.000000] BIOS-e820: [mem 0x00000000fffc0000-0x00000000ffffffff] reserved
[    0.000000] NX (Execute Disable) protection: active
[    0.000000] SMBIOS 2.5 present.
[    0.000000] DMI: innotek GmbH VirtualBox/VirtualBox, BIOS VirtualBox 12/01/2006
[    0.000000] Hypervisor detected: KVM
[    0.000000] e820: last_pfn = 0x7fff0 max_arch_pfn = 0x400000000
[    0.000000] MTRR: Disabled
[    0.000000] x86/PAT: MTRRs disabled, skipping PAT initialization too.
[    0.000000] CPU MTRRs all blank - virtualized system.
[    0.000000] x86/PAT: Configuration [0-7]: WB  WT  UC- UC  WB  WT  UC- UC  
[    0.000000] found SMP MP-table at [mem 0x0009fff0-0x0009ffff]
[    0.000000] Scanning 1 areas for low memory corruption
[    0.000000] RAMDISK: [mem 0x359cb000-0x36cdcfff]
[    0.000000] ACPI: Early table checksum verification disabled
[    0.000000] ACPI: RSDP 0x00000000000E0000 000024 (v02 VBOX  )
[    0.000000] ACPI: XSDT 0x000000007FFF0030 00003C (v01 VBOX   VBOXXSDT 00000001 ASL  00000061)
[    0.000000] ACPI: FACP 0x000000007FFF00F0 0000F4 (v04 VBOX   VBOXFACP 00000001 ASL  00000061)
[    0.000000] ACPI: DSDT 0x000000007FFF0610 002353 (v02 VBOX   VBOXBIOS 00000002 INTL 20221020)
[    0.000000] ACPI: FACS 0x000000007FFF0200 000040
[    0.000000] ACPI: FACS 0x000000007FFF0200 000040
[    0.000000] ACPI: APIC 0x000000007FFF0240 00005C (v02 VBOX   VBOXAPIC 00000001 ASL  00000061)
[    0.000000] ACPI: SSDT 0x000000007FFF02A0 00036C (v01 VBOX   VBOXCPUT 00000002 INTL 20221020)
[    0.000000] ACPI: Reserving FACP table memory at [mem 0x7fff00f0-0x7fff01e3]
[    0.000000] ACPI: Reserving DSDT table memory at [mem 0x7fff0610-0x7fff2962]
[    0.000000] ACPI: Reserving FACS table memory at [mem 0x7fff0200-0x7fff023f]
[    0.000000] ACPI: Reserving FACS table memory at [mem 0x7fff0200-0x7fff023f]
[    0.000000] ACPI: Reserving APIC table memory at [mem 0x7fff0240-0x7fff029b]
[    0.000000] ACPI: Reserving SSDT table memory at [mem 0x7fff02a0-0x7fff060b]
[    0.000000] No NUMA configuration found
[    0.000000] Faking a node at [mem 0x0000000000000000-0x000000007ffeffff]
[    0.000000] NODE_DATA(0) allocated [mem 0x7ffc5000-0x7ffeffff]
[    0.000000] kvm-clock: cpu 0, msr 0:7ff44001, primary cpu clock
[    0.000000] kvm-clock: Using msrs 4b564d01 and 4b564d00
[    0.000000] kvm-clock: using sched offset of 2840962330 cycles
[    0.000000] clocksource: kvm-clock: mask: 0xffffffffffffffff max_cycles: 0x1cd42e4dffb, max_idle_ns: 881590591483 ns
[    0.000000] Zone ranges:
[    0.000000]   DMA      [mem 0x0000000000001000-0x0000000000ffffff]
[    0.000000]   DMA32    [mem 0x0000000001000000-0x000000007ffeffff]
[    0.000000]   Normal   empty
[    0.000000]   Device   empty
[    0.000000] Movable zone start for each node
[    0.000000] Early memory node ranges
[    0.000000]   node   0: [mem 0x0000000000001000-0x000000000009efff]
[    0.000000]   node   0: [mem 0x0000000000100000-0x000000007ffeffff]
[    0.000000] Reserved but unavailable: 104 pages
[    0.000000] Initmem setup node 0 [mem 0x0000000000001000-0x000000007ffeffff]
[    0.000000] ACPI: PM-Timer IO Port: 0x4008
[    0.000000] IOAPIC[0]: apic_id 2, version 32, address 0xfec00000, GSI 0-23
[    0.000000] ACPI: INT_SRC_OVR (bus 0 bus_irq 0 global_irq 2 dfl dfl)
[    0.000000] ACPI: INT_SRC_OVR (bus 0 bus_irq 9 global_irq 9 low level)
[    0.000000] Using ACPI (MADT) for SMP configuration information
[    0.000000] smpboot: Allowing 2 CPUs, 0 hotplug CPUs
[    0.000000] PM: Registered nosave memory: [mem 0x00000000-0x00000fff]
[    0.000000] PM: Registered nosave memory: [mem 0x0009f000-0x0009ffff]
[    0.000000] PM: Registered nosave memory: [mem 0x000a0000-0x000effff]
[    0.000000] PM: Registered nosave memory: [mem 0x000f0000-0x000fffff]
[    0.000000] e820: [mem 0x80000000-0xfebfffff] available for PCI devices
[    0.000000] Booting paravirtualized kernel on KVM
[    0.000000] clocksource: refined-jiffies: mask: 0xffffffff max_cycles: 0xffffffff, max_idle_ns: 7645519600211568 ns
[    0.000000] setup_percpu: NR_CPUS:8192 nr_cpumask_bits:2 nr_cpu_ids:2 nr_node_ids:1
[    0.000000] percpu: Embedded 50 pages/cpu s167936 r8192 d28672 u1048576
[    0.000000] PV qspinlock hash table entries: 256 (order: 0, 4096 bytes)
[    0.000000] Built 1 zonelists, mobility grouping on.  Total pages: 515961
[    0.000000] Policy zone: DMA32
[    0.000000] Kernel command line: BOOT_IMAGE=/boot/vmlinuz-4.15.0-212-generic root=LABEL=cloudimg-rootfs ro console=tty1 console=ttyS0
[    0.000000] Memory: 2014836K/2096696K available (12300K kernel code, 2477K rwdata, 4324K rodata, 2480K init, 2720K bss, 81860K reserved, 0K cma-reserved)
[    0.000000] SLUB: HWalign=64, Order=0-3, MinObjects=0, CPUs=2, Nodes=1
[    0.000000] Kernel/User page tables isolation: enabled
[    0.000000] ftrace: allocating 39508 entries in 155 pages
[    0.004000] Hierarchical RCU implementation.
[    0.004000] 	RCU restricting CPUs from NR_CPUS=8192 to nr_cpu_ids=2.
[    0.004000] 	Tasks RCU enabled.
[    0.004000] RCU: Adjusting geometry for rcu_fanout_leaf=16, nr_cpu_ids=2
[    0.004000] NR_IRQS: 524544, nr_irqs: 440, preallocated irqs: 16
[    0.004000] random: crng init done
[    0.004000] Console: colour VGA+ 80x25
[    0.004000] console [tty1] enabled
[    0.004000] console [ttyS0] enabled
[    0.004000] ACPI: Core revision 20170831
[    0.004000] ACPI: 2 ACPI AML tables successfully acquired and loaded
[    0.004000] APIC: Switch to symmetric I/O mode setup
[    0.004000] x2apic enabled
[    0.004000] Switched APIC routing to physical x2apic.
[    0.004000] ..TIMER: vector=0x30 apic1=0 pin1=2 apic2=-1 pin2=-1
[    0.004000] tsc: Detected 2419.200 MHz processor
[    0.004000] Calibrating delay loop (skipped) preset value.. 4838.40 BogoMIPS (lpj=9676800)
[    0.004000] pid_max: default: 32768 minimum: 301
[    0.004000] Security Framework initialized
[    0.004000] Yama: becoming mindful.
[    0.004000] AppArmor: AppArmor initialized
[    0.004000] Dentry cache hash table entries: 262144 (order: 9, 2097152 bytes)
[    0.004193] Inode-cache hash table entries: 131072 (order: 8, 1048576 bytes)
[    0.004984] Mount-cache hash table entries: 4096 (order: 3, 32768 bytes)
[    0.005733] Mountpoint-cache hash table entries: 4096 (order: 3, 32768 bytes)
[    0.008239] Last level iTLB entries: 4KB 0, 2MB 0, 4MB 0
[    0.008833] Last level dTLB entries: 4KB 0, 2MB 0, 4MB 0, 1GB 0
[    0.009498] Spectre V1 : Mitigation: usercopy/swapgs barriers and __user pointer sanitization
[    0.010467] Spectre V2 : Mitigation: Retpolines
[    0.010996] Spectre V2 : Spectre v2 / SpectreRSB mitigation: Filling RSB on context switch
[    0.012001] Spectre V2 : Spectre v2 / SpectreRSB : Filling RSB on VMEXIT
[    0.012698] Speculative Store Bypass: Vulnerable
[    0.013248] MDS: Mitigation: Clear CPU buffers
[    0.014013] Freeing SMP alternatives memory: 36K
[    0.125215] smpboot: CPU0: 11th Gen Intel(R) Core(TM) i5-1135G7 @ 2.40GHz (family: 0x6, model: 0x8c, stepping: 0x1)
[    0.126398] Performance Events: unsupported p6 CPU model 140 no PMU driver, software events only.
[    0.127277] Hierarchical SRCU implementation.
[    0.128000] NMI watchdog: Perf event create on CPU 0 failed with -2
[    0.128000] NMI watchdog: Perf NMI watchdog permanently disabled
[    0.128039] smp: Bringing up secondary CPUs ...
[    0.128544] x86: Booting SMP configuration:
[    0.128954] .... node  #0, CPUs:      #1
[    0.004000] kvm-clock: cpu 1, msr 0:7ff44041, secondary cpu clock
[    0.132014] smp: Brought up 1 node, 2 CPUs
[    0.132487] smpboot: Max logical packages: 1
[    0.132909] smpboot: Total of 2 processors activated (9676.80 BogoMIPS)
[    0.133631] devtmpfs: initialized
[    0.133631] x86/mm: Memory block size: 128MB
[    0.133631] evm: security.selinux
[    0.133631] evm: security.SMACK64
[    0.133681] evm: security.SMACK64EXEC
[    0.134055] evm: security.SMACK64TRANSMUTE
[    0.136003] evm: security.SMACK64MMAP
[    0.136346] evm: security.apparmor
[    0.136719] evm: security.ima
[    0.137035] evm: security.capability
[    0.137394] clocksource: jiffies: mask: 0xffffffff max_cycles: 0xffffffff, max_idle_ns: 7645041785100000 ns
[    0.137394] futex hash table entries: 512 (order: 3, 32768 bytes)
[    0.137483] pinctrl core: initialized pinctrl subsystem
[    0.138046] RTC time: 18:27:03, date: 10/10/23
[    0.140077] NET: Registered protocol family 16
[    0.140502] audit: initializing netlink subsys (disabled)
[    0.140973] audit: type=2000 audit(1696962427.545:1): state=initialized audit_enabled=0 res=1
[    0.140973] cpuidle: using governor ladder
[    0.140973] cpuidle: using governor menu
[    0.140973] ACPI: bus type PCI registered
[    0.141126] acpiphp: ACPI Hot Plug PCI Controller Driver version: 0.5
[    0.141704] PCI: Using configuration type 1 for base access
[    0.144689] HugeTLB registered 2.00 MiB page size, pre-allocated 0 pages
[    0.144689] ACPI: Added _OSI(Module Device)
[    0.144689] ACPI: Added _OSI(Processor Device)
[    0.144881] ACPI: Added _OSI(3.0 _SCP Extensions)
[    0.145282] ACPI: Added _OSI(Processor Aggregator Device)
[    0.148004] ACPI: Added _OSI(Linux-Dell-Video)
[    0.148524] ACPI: Added _OSI(Linux-Lenovo-NV-HDMI-Audio)
[    0.149131] ACPI: Added _OSI(Linux-HPI-Hybrid-Graphics)
[    0.149860] ACPI: Executed 1 blocks of module-level executable AML code
[    0.153019] ACPI: Interpreter enabled
[    0.153401] ACPI: (supports S0 S5)
[    0.153694] ACPI: Using IOAPIC for interrupt routing
[    0.154233] PCI: Using host bridge windows from ACPI; if necessary, use "pci=nocrs" and report a bug
[    0.155072] ACPI: Enabled 2 GPEs in block 00 to 07
[    0.159024] ACPI: PCI Root Bridge [PCI0] (domain 0000 [bus 00-ff])
[    0.159556] acpi PNP0A03:00: _OSC: OS supports [ASPM ClockPM Segments MSI]
[    0.160532] acpi PNP0A03:00: _OSC: not requesting OS control; OS requires [ExtendedConfig ASPM ClockPM MSI]
[    0.161550] acpi PNP0A03:00: fail to add MMCONFIG information, can't access extended PCI configuration space under this bridge.
[    0.162840] PCI host bridge to bus 0000:00
[    0.163227] pci_bus 0000:00: root bus resource [io  0x0000-0x0cf7 window]
[    0.164003] pci_bus 0000:00: root bus resource [io  0x0d00-0xffff window]
[    0.164610] pci_bus 0000:00: root bus resource [mem 0x000a0000-0x000bffff window]
[    0.165326] pci_bus 0000:00: root bus resource [mem 0x80000000-0xfdffffff window]
[    0.166384] pci_bus 0000:00: root bus resource [bus 00-ff]
[    0.167771] pci 0000:00:01.1: legacy IDE quirk: reg 0x10: [io  0x01f0-0x01f7]
[    0.168004] pci 0000:00:01.1: legacy IDE quirk: reg 0x14: [io  0x03f6]
[    0.168624] pci 0000:00:01.1: legacy IDE quirk: reg 0x18: [io  0x0170-0x0177]
[    0.169187] pci 0000:00:01.1: legacy IDE quirk: reg 0x1c: [io  0x0376]
[    0.190140] pci 0000:00:07.0: quirk: [io  0x4000-0x403f] claimed by PIIX4 ACPI
[    0.190940] pci 0000:00:07.0: quirk: [io  0x4100-0x410f] claimed by PIIX4 SMB
[    0.199207] ACPI: PCI Interrupt Link [LNKA] (IRQs 5 9 10 *11)
[    0.200055] ACPI: PCI Interrupt Link [LNKB] (IRQs 5 9 *10 11)
[    0.200708] ACPI: PCI Interrupt Link [LNKC] (IRQs 5 *9 10 11)
[    0.201244] ACPI: PCI Interrupt Link [LNKD] (IRQs 5 9 10 *11)
[    0.201883] SCSI subsystem initialized
[    0.202356] pci 0000:00:02.0: vgaarb: setting as boot VGA device
[    0.202356] pci 0000:00:02.0: vgaarb: VGA device added: decodes=io+mem,owns=io+mem,locks=none
[    0.202356] pci 0000:00:02.0: vgaarb: bridge control possible
[    0.204004] vgaarb: loaded
[    0.204340] ACPI: bus type USB registered
[    0.204757] usbcore: registered new interface driver usbfs
[    0.205212] usbcore: registered new interface driver hub
[    0.205633] usbcore: registered new device driver usb
[    0.206093] EDAC MC: Ver: 3.0.0
[    0.206093] PCI: Using ACPI for IRQ routing
[    0.206093] NetLabel: Initializing
[    0.206093] NetLabel:  domain hash size = 128
[    0.206093] NetLabel:  protocols = UNLABELED CIPSOv4 CALIPSO
[    0.206093] NetLabel:  unlabeled traffic allowed by default
[    0.208045] clocksource: Switched to clocksource kvm-clock
[    0.214921] VFS: Disk quotas dquot_6.6.0
[    0.215451] VFS: Dquot-cache hash table entries: 512 (order 0, 4096 bytes)
[    0.216036] AppArmor: AppArmor Filesystem Enabled
[    0.216036] pnp: PnP ACPI init
[    0.216036] pnp: PnP ACPI: found 3 devices
[    0.223899] clocksource: acpi_pm: mask: 0xffffff max_cycles: 0xffffff, max_idle_ns: 2085701024 ns
[    0.224013] NET: Registered protocol family 2
[    0.224013] IP idents hash table entries: 32768 (order: 6, 262144 bytes)
[    0.225975] TCP established hash table entries: 16384 (order: 5, 131072 bytes)
[    0.226717] TCP bind hash table entries: 16384 (order: 6, 262144 bytes)
[    0.227474] TCP: Hash tables configured (established 16384 bind 16384)
[    0.227998] UDP hash table entries: 1024 (order: 3, 32768 bytes)
[    0.228501] UDP-Lite hash table entries: 1024 (order: 3, 32768 bytes)
[    0.229255] NET: Registered protocol family 1
[    0.229742] pci 0000:00:00.0: Limiting direct PCI/PCI transfers
[    0.229963] pci 0000:00:01.0: Activating ISA DMA hang workarounds
[    0.229963] pci 0000:00:02.0: Video device with shadowed ROM at [mem 0x000c0000-0x000dffff]
[    0.229963] Unpacking initramfs...
[    0.229963] Freeing initrd memory: 19528K
[    0.229963] clocksource: tsc: mask: 0xffffffffffffffff max_cycles: 0x22df1149949, max_idle_ns: 440795312789 ns
[    0.229963] platform rtc_cmos: registered platform RTC device (no PNP device found)
[    0.229963] Scanning for low memory corruption every 60 seconds
[    0.423773] Initialise system trusted keyrings
[    0.424240] Key type blacklist registered
[    0.424603] workingset: timestamp_bits=36 max_order=19 bucket_order=0
[    0.425753] zbud: loaded
[    0.426362] squashfs: version 4.0 (2009/01/31) Phillip Lougher
[    0.426944] fuse init (API version 7.26)
[    0.428156] Key type asymmetric registered
[    0.428593] Asymmetric key parser 'x509' registered
[    0.429074] Block layer SCSI generic (bsg) driver version 0.4 loaded (major 246)
[    0.429802] io scheduler noop registered
[    0.430256] io scheduler deadline registered
[    0.430782] io scheduler cfq registered (default)
[    0.431566] ACPI: AC Adapter [AC] (on-line)
[    0.432295] input: Power Button as /devices/LNXSYSTM:00/LNXPWRBN:00/input/input0
[    0.433198] ACPI: Power Button [PWRF]
[    0.433729] input: Sleep Button as /devices/LNXSYSTM:00/LNXSLPBN:00/input/input1
[    0.434818] ACPI: Sleep Button [SLPF]
[    0.436300] ACPI: Battery Slot [BAT0] (battery present)
[    0.436587] Serial: 8250/16550 driver, 32 ports, IRQ sharing enabled
[    0.458239] 00:02: ttyS0 at I/O 0x3f8 (irq = 4, base_baud = 115200) is a 16550A
[    0.459797] Linux agpgart interface v0.103
[    0.460940] loop: module loaded
[    0.461611] scsi host0: ata_piix
[    0.461981] scsi host1: ata_piix
[    0.462305] ata1: PATA max UDMA/33 cmd 0x1f0 ctl 0x3f6 bmdma 0xd000 irq 14
[    0.462882] ata2: PATA max UDMA/33 cmd 0x170 ctl 0x376 bmdma 0xd008 irq 15
[    0.463529] tun: Universal TUN/TAP device driver, 1.6
[    0.464062] PPP generic driver version 2.4.2
[    0.464507] ehci_hcd: USB 2.0 'Enhanced' Host Controller (EHCI) Driver
[    0.465062] ehci-pci: EHCI PCI platform driver
[    0.465489] ehci-platform: EHCI generic platform driver
[    0.465952] ohci_hcd: USB 1.1 'Open' Host Controller (OHCI) Driver
[    0.466589] ohci-pci: OHCI PCI platform driver
[    0.467117] ohci-platform: OHCI generic platform driver
[    0.467680] uhci_hcd: USB Universal Host Controller Interface driver
[    0.468382] i8042: PNP: PS/2 Controller [PNP0303:PS2K,PNP0f03:PS2M] at 0x60,0x64 irq 1,12
[    0.469581] serio: i8042 KBD port at 0x60,0x64 irq 1
[    0.470147] serio: i8042 AUX port at 0x60,0x64 irq 12
[    0.470807] mousedev: PS/2 mouse device common for all mice
[    0.471558] input: AT Translated Set 2 keyboard as /devices/platform/i8042/serio0/input/input2
[    0.472707] rtc_cmos rtc_cmos: rtc core: registered rtc_cmos as rtc0
[    0.473414] rtc_cmos rtc_cmos: alarms up to one day, 114 bytes nvram
[    0.474109] i2c /dev entries driver
[    0.474559] device-mapper: uevent: version 1.0.3
[    0.475123] device-mapper: ioctl: 4.37.0-ioctl (2017-09-20) initialised: dm-devel@redhat.com
[    0.476050] ledtrig-cpu: registered to indicate activity on CPUs
[    0.476952] NET: Registered protocol family 10
[    0.479371] Segment Routing with IPv6
[    0.479798] NET: Registered protocol family 17
[    0.480342] Key type dns_resolver registered
[    0.480922] mce: Using 0 MCE banks
[    0.481309] RAS: Correctable Errors collector initialized.
[    0.481918] sched_clock: Marking stable (480904577, 0)->(580951708, -100047131)
[    0.482933] registered taskstats version 1
[    0.483425] Loading compiled-in X.509 certificates
[    0.485537] Loaded X.509 cert 'Build time autogenerated kernel key: b5b26778eaa3ab3a4a6cee031137706e947d12ad'
[    0.487042] Loaded X.509 cert 'Canonical Ltd. Live Patch Signing: 14df34d1a87cf37625abec039ef2bf521249b969'
[    0.488616] Loaded X.509 cert 'Canonical Ltd. Kernel Module Signing: 88f752e560a1e0737e31163a466ad7b70a850c19'
[    0.489724] blacklist: Loading compiled-in revocation X.509 certificates
[    0.490255] Loaded X.509 cert 'Canonical Ltd. Secure Boot Signing: 61482aa2830d0ab2ad5af10b7250da9033ddcef0'
[    0.491070] Loaded X.509 cert 'Canonical Ltd. Secure Boot Signing (2017): 242ade75ac4a15e50d50c84b0d45ff3eae707a03'
[    0.491884] Loaded X.509 cert 'Canonical Ltd. Secure Boot Signing (ESM 2018): 365188c1d374d6b07c3c8f240f8ef722433d6a8b'
[    0.492875] Loaded X.509 cert 'Canonical Ltd. Secure Boot Signing (2019): c0746fd6c5da3ae827864651ad66ae47fe24b3e8'
[    0.493840] Loaded X.509 cert 'Canonical Ltd. Secure Boot Signing (2021 v1): a8d54bbb3825cfb94fa13c9f8a594a195c107b8d'
[    0.494817] Loaded X.509 cert 'Canonical Ltd. Secure Boot Signing (2021 v2): 4cf046892d6fd3c9a5b03f98d845f90851dc6a8c'
[    0.495793] Loaded X.509 cert 'Canonical Ltd. Secure Boot Signing (2021 v3): 100437bb6de6e469b581e61cd66bce3ef4ed53af'
[    0.496731] Loaded X.509 cert 'Canonical Ltd. Secure Boot Signing (Ubuntu Core 2019): c1d57b8f6b743f23ee41f4f7ee292f06eecadfb9'
[    0.497807] zswap: loaded using pool lzo/zbud
[    0.500133] Key type big_key registered
[    0.500662] Key type trusted registered
[    0.502020] Key type encrypted registered
[    0.502564] AppArmor: AppArmor sha1 policy hashing enabled
[    0.503253] ima: No TPM chip found, activating TPM-bypass! (rc=-19)
[    0.504081] ima: Allocated hash algorithm: sha1
[    0.504679] evm: HMAC attrs: 0x1
[    0.505314]   Magic number: 11:611:493
[    0.505863] rtc_cmos rtc_cmos: setting system clock to 2023-10-10 18:27:03 UTC (1696962423)
[    0.506735] BIOS EDD facility v0.16 2004-Jun-25, 0 devices found
[    0.507341] EDD information not available.
[    0.643473] Freeing unused kernel image memory: 2480K
[    0.652340] Write protecting the kernel read-only data: 20480k
[    0.653341] Freeing unused kernel image memory: 2008K
[    0.654025] Freeing unused kernel image memory: 1820K
[    0.657918] x86/mm: Checked W+X mappings: passed, no W+X pages found.
[    0.658620] x86/mm: Checking user space page tables
[    0.662304] x86/mm: Checked W+X mappings: passed, no W+X pages found.
Loading, please wait...
starting version 237
[    0.699981] e1000: Intel(R) PRO/1000 Network Driver - version 7.3.21-k8-NAPI
[    0.700801] e1000: Copyright (c) 1999-2006 Intel Corporation.
[    0.709491] Fusion MPT base driver 3.04.20
[    0.710005] Copyright (c) 1999-2008 LSI Corporation
[    0.715977] AVX2 version of gcm_enc/dec engaged.
[    0.716563] AES CTR mode by8 optimization enabled
[    0.717776] Fusion MPT SPI Host driver 3.04.20
[    0.909368] input: ImExPS/2 Generic Explorer Mouse as /devices/platform/i8042/serio1/input/input4
[    1.060637] e1000 0000:00:03.0 eth0: (PCI:33MHz:32-bit) 02:3b:7b:b7:3b:2d
[    1.067503] e1000 0000:00:03.0 eth0: Intel(R) PRO/1000 Network Connection
[    1.410474] e1000 0000:00:08.0 eth1: (PCI:33MHz:32-bit) 08:00:27:1f:23:2b
[    1.411240] e1000 0000:00:08.0 eth1: Intel(R) PRO/1000 Network Connection
[    1.412566] mptbase: ioc0: Initiating bringup
[    1.412786] e1000 0000:00:08.0 enp0s8: renamed from eth1
[    1.428330] e1000 0000:00:03.0 enp0s3: renamed from eth0
[    2.106509] ioc0: LSI53C1030 A0: Capabilities={Initiator}
[    4.140728] scsi host2: ioc0: LSI53C1030 A0, FwRev=00000000h, Ports=1, MaxQ=256, IRQ=20
[    5.933972] scsi 2:0:0:0: Direct-Access     VBOX     HARDDISK         1.0  PQ: 0 ANSI: 5
[    6.046288] scsi target2:0:0: Beginning Domain Validation
[    6.047751] scsi target2:0:0: Domain Validation skipping write tests
[    6.048449] scsi target2:0:0: Ending Domain Validation
[    6.048959] scsi target2:0:0: asynchronous
[    6.049940] scsi 2:0:1:0: Direct-Access     VBOX     HARDDISK         1.0  PQ: 0 ANSI: 5
[    7.042272] scsi target2:0:1: Beginning Domain Validation
[    7.043861] scsi target2:0:1: Domain Validation skipping write tests
[    7.044732] scsi target2:0:1: Ending Domain Validation
[    7.045400] scsi target2:0:1: asynchronous
[    7.047864] sd 2:0:0:0: Attached scsi generic sg0 type 0
[    7.048662] sd 2:0:0:0: [sda] 83886080 512-byte logical blocks: (42.9 GB/40.0 GiB)
[    7.048758] sd 2:0:1:0: [sdb] 20480 512-byte logical blocks: (10.5 MB/10.0 MiB)
[    7.050304] sd 2:0:0:0: [sda] Write Protect is off
[    7.050329] sd 2:0:1:0: [sdb] Write Protect is off
[    7.051342] sd 2:0:1:0: Attached scsi generic sg1 type 0
[    7.051381] sd 2:0:1:0: [sdb] Incomplete mode parameter data
[    7.052519] sd 2:0:1:0: [sdb] Assuming drive cache: write through
[    7.053197] sd 2:0:0:0: [sda] Incomplete mode parameter data
[    7.053870] sd 2:0:0:0: [sda] Assuming drive cache: write through
[    7.053976] sd 2:0:1:0: [sdb] Attached SCSI disk
[    7.055507]  sda: sda1
[    7.056170] sd 2:0:0:0: [sda] Attached SCSI disk
Begin: Loading essential drivers ... [    8.368108] raid6: sse2x1   gen() 13235 MB/s
[    8.420168] raid6: sse2x1   xor() 11107 MB/s
[    8.479886] raid6: sse2x2   gen() 20949 MB/s
[    8.528214] raid6: sse2x2   xor() 13179 MB/s
[    8.576089] raid6: sse2x4   gen() 20028 MB/s
[    8.626126] raid6: sse2x4   xor()  7042 MB/s
[    8.684246] raid6: avx2x1   gen() 26339 MB/s
[    8.732451] raid6: avx2x1   xor() 18978 MB/s
[    8.787768] raid6: avx2x2   gen() 43205 MB/s
[    8.848522] raid6: avx2x2   xor() 34612 MB/s
[    8.900022] raid6: avx2x4   gen() 39829 MB/s
[    8.948443] raid6: avx2x4   xor() 19054 MB/s
[    8.949148] raid6: using algorithm avx2x2 gen() 43205 MB/s
[    8.949731] raid6: .... xor() 34612 MB/s, rmw enabled
[    8.950435] raid6: using avx2x2 recovery algorithm
[    8.952410] xor: automatically using best checksumming function   avx       
[    8.955188] async_tx: api initialized (async)
done.
Begin: Running /scripts/init-premount ... done.
Begin: Mounting root file system ... Begin: Running /scripts/local-top ... done.
Begin: Running /scripts/local-premount ... [    8.992908] Btrfs loaded, crc32c=crc32c-intel
Scanning for Btrfs filesystems
done.
Warning: fsck not present, so skipping root file system
[    9.012918] EXT4-fs (sda1): mounted filesystem with ordered data mode. Opts: (null)
done.
Begin: Running /scripts/local-bottom ... done.
Begin: Running /scripts/init-bottom ... done.
[    9.095586] ip_tables: (C) 2000-2006 Netfilter Core Team
[    9.099237] systemd[1]: systemd 237 running in system mode. (+PAM +AUDIT +SELINUX +IMA +APPARMOR +SMACK +SYSVINIT +UTMP +LIBCRYPTSETUP +GCRYPT +GNUTLS +ACL +XZ +LZ4 +SECCOMP +BLKID +ELFUTILS +KMOD -IDN2 +IDN -PCRE2 default-hierarchy=hybrid)
[    9.101551] systemd[1]: Detected virtualization oracle.
[    9.102187] systemd[1]: Detected architecture x86-64.

Welcome to [1mUbuntu 18.04.6 LTS[0m!

[    9.105068] systemd[1]: Set hostname to <ubuntu>.
[    9.106551] systemd[1]: Initializing machine ID from random generator.
[    9.107259] systemd[1]: Installed transient /etc/machine-id file.
[    9.221019] systemd[1]: Started Forward Password Requests to Wall Directory Watch.
[[0;32m  OK  [0m] Started Forward Password Requests to Wall Directory Watch.
[    9.222294] systemd[1]: Reached target Mounting snaps.
[[0;32m  OK  [0m] Reached target Mounting snaps.
[    9.223008] systemd[1]: Reached target Mounted snaps.
[[0;32m  OK  [0m] Reached target Mounted snaps.
[    9.224513] systemd[1]: Created slice System Slice.
[[0;32m  OK  [0m] Created slice System Slice.
[[0;32m  OK  [0m] Listening on fsck to fsckd communication Socket.
[[0;32m  OK  [0m] Created slice system-serial\x2dgetty.slice.
[[0;32m  OK  [0m] Listening on Device-mapper event daemon FIFOs.
[[0;32m  OK  [0m] Listening on udev Kernel Socket.
[[0;32m  OK  [0m] Listening on Network Service Netlink Socket.
[[0;32m  OK  [0m] Listening on Journal Audit Socket.
[[0;32m  OK  [0m] Listening on LVM2 metadata daemon socket.
[[0;32m  OK  [0m] Listening on Syslog Socket.
[[0;32m  OK  [0m] Listening on Journal Socket (/dev/log).
[[0;32m  OK  [0m] Set up automount Arbitrary Executabâ€¦rmats File System Automount Point.
[[0;32m  OK  [0m] Listening on udev Control Socket.
[[0;32m  OK  [0m] Listening on LVM2 poll daemon socket.
[[0;32m  OK  [0m] Listening on Journal Socket.
         Starting Monitoring of LVM2 mirrorsâ€¦ng dmeventd or progress polling...
         Starting File System Check on Root Device...
         Starting Uncomplicated firewall...
         Starting Journal Service...
         Mounting Huge Pages File System...
         Mounting Kernel Debug File System...
         Mounting POSIX Message Queue File System...
         Starting Create list of required stâ€¦ce nodes for the current kernel...
         Starting Set the console keyboard layout...
         Starting udev Coldplug all Devices...
[[0;32m  OK  [0m] Reached target System Time Synchronized.
[[0;32m  OK  [0m] Listening on /dev/initctl Compatibility Named Pipe.
[[0;32m  OK  [0m] Reached target Swap.
[[0;32m  OK  [0m] Created slice User and Session Slice.
[[0;32m  OK  [0m] Reached target Slices.
         Starting Load Kernel Modules...
[[0;32m  OK  [0m] Reached target User and Group Name Lookups.
[[0;32m  OK  [0m] Started Journal Service.
[[0;32m  OK  [0m] Started Uncomplicated firewall.
[[0;32m  OK  [0m] Started Create list of required staâ€¦vice nodes for the current kernel.
[[0;32m  OK  [0m] Started LVM2 metadata daemon.
[[0;32m  OK  [0m] Started File System Check Daemon to report status.
         Starting Create Static Device Nodes in /dev...
[[0;32m  OK  [0m] Mounted Kernel Debug File System.
[[0;32m  OK  [0m] Mounted POSIX Message Queue File System.
[[0;32m  OK  [0m] Mounted Huge Pages File System.
[[0;32m  OK  [0m] Started File System Check on Root Device.
         Starting Remount Root and Kernel File Systems...
[[0;32m  OK  [0m] Started udev Coldplug all Devices.
[    9.337673] Loading iSCSI transport class v2.0-870.
[    9.341792] iscsi: registered transport (tcp)
[[0;32m  OK  [0m] Started Create Static Device Nodes in /dev.
[    9.382758] EXT4-fs (sda1): re-mounted. Opts: (null)
[[0;32m  OK  [0m] Started Remount Root and Kernel File Systems.
         Starting Load/Save Random Seed...
         Starting udev Kernel Device Manager...
         Starting Flush Journal to Persistent Storage...
[[0;32m  OK  [0m] Started Monitoring of LVM2 mirrors,â€¦sing dmeventd or progress polling.
[    9.399774] iscsi: registered transport (iser)
[[0;32m  OK  [0m] Started Load Kernel Modules.
         Mounting FUSE Control File System...
         Starting Apply Kernel Variables...
         Mounting Kernel Configuration File System...
[[0;32m  OK  [0m] Mounted FUSE Control File System.
[[0;32m  OK  [0m] Started Load/Save Random Seed.
[    9.408021] systemd-journald[397]: Received request to flush runtime journal from PID 1
[[0;32m  OK  [0m] Mounted Kernel Configuration File System.
[[0;32m  OK  [0m] Started udev Kernel Device Manager.
[[0;32m  OK  [0m] Started Apply Kernel Variables.
[[0;32m  OK  [0m] Started Flush Journal to Persistent Storage.
[[0;32m  OK  [0m] Found device /dev/ttyS0.
[[0;32m  OK  [0m] Listening on Load/Save RF Kill Switch Status /dev/rfkill Watch.
         Mounting Arbitrary Executable File Formats File System...
[[0;32m  OK  [0m] Mounted Arbitrary Executable File Formats File System.
[[0;32m  OK  [0m] Started Set the console keyboard layout.
[[0;32m  OK  [0m] Started Dispatch Password Requests to Console Directory Watch.
[[0;32m  OK  [0m] Reached target Local Encrypted Volumes.
[[0;32m  OK  [0m] Reached target Local File Systems (Pre).
[[0;32m  OK  [0m] Reached target Local File Systems.
         Starting AppArmor initialization...
         Starting Set console font and keymap...
         Starting Tell Plymouth To Write Out Runtime Data...
         Starting Commit a transient machine-id on disk...
         Starting ebtables ruleset management...
         Starting Create Volatile Files and Directories...
[[0;32m  OK  [0m] Started Tell Plymouth To Write Out Runtime Data.
[[0;32m  OK  [0m] Started Create Volatile Files and Directories.
         Starting Update UTMP about System Boot/Shutdown...
[[0;32m  OK  [0m] Started Update UTMP about System Boot/Shutdown.
[[0;32m  OK  [0m] Started ebtables ruleset management.
[[0;32m  OK  [0m] Started Commit a transient machine-id on disk.
[[0;32m  OK  [0m] Started AppArmor initialization.
         Starting Initial cloud-init job (pre-networking)...
         Starting Load AppArmor profiles managed internally by snapd...
[[0;32m  OK  [0m] Started Load AppArmor profiles managed internally by snapd.
[[0;32m  OK  [0m] Started Set console font and keymap.
[   12.131405] cloud-init[668]: Cloud-init v. 23.1.2-0ubuntu0~18.04.1 running 'init-local' at Tue, 10 Oct 2023 18:27:14 +0000. Up 11.74 seconds.
[[0;32m  OK  [0m] Started Initial cloud-init job (pre-networking).
[[0;32m  OK  [0m] Reached target Network (Pre).
         Starting Network Service...
[[0;32m  OK  [0m] Started Network Service.
         Starting Network Name Resolution...
         Starting Wait for Network to be Configured...
[[0;32m  OK  [0m] Started Network Name Resolution.
[[0;32m  OK  [0m] Reached target Network.
[[0;32m  OK  [0m] Reached target Host and Network Name Lookups.
[[0;32m  OK  [0m] Started Wait for Network to be Configured.
         Starting Initial cloud-init job (metadata service crawler)...
[   13.774088] cloud-init[969]: Cloud-init v. 23.1.2-0ubuntu0~18.04.1 running 'init' at Tue, 10 Oct 2023 18:27:16 +0000. Up 13.68 seconds.
[   13.775083] cloud-init[969]: ci-info: ++++++++++++++++++++++++++++++++++++++Net device info+++++++++++++++++++++++++++++++++++++++
[   13.775861] cloud-init[969]: ci-info: +--------+-------+----------------------------+---------------+--------+-------------------+
[   13.776633] cloud-init[969]: ci-info: | Device |   Up  |          Address           |      Mask     | Scope  |     Hw-Address    |
[   13.777407] cloud-init[969]: ci-info: +--------+-------+----------------------------+---------------+--------+-------------------+
[   13.788273] cloud-init[969]: ci-info: | enp0s3 |  True |         10.0.2.15          | 255.255.255.0 | global | 02:3b:7b:b7:3b:2d |
[   13.788958] cloud-init[969]: ci-info: | enp0s3 |  True | fe80::3b:7bff:feb7:3b2d/64 |       .       |  link  | 02:3b:7b:b7:3b:2d |
[   13.789662] cloud-init[969]: ci-info: | enp0s8 | False |             .              |       .       |   .    | 08:00:27:1f:23:2b |
[   13.790274] cloud-init[969]: ci-info: |   lo   |  True |         127.0.0.1          |   255.0.0.0   |  host  |         .         |
[   13.800202] cloud-init[969]: ci-info: |   lo   |  True |          ::1/128           |       .       |  host  |         .         |
[   13.800824] cloud-init[969]: ci-info: +--------+-------+----------------------------+---------------+--------+-------------------+
[   13.801500] cloud-init[969]: ci-info: ++++++++++++++++++++++++++++Route IPv4 info+++++++++++++++++++++++++++++
[   13.802071] cloud-init[969]: ci-info: +-------+-------------+----------+-----------------+-----------+-------+
[   13.802651] cloud-init[969]: ci-info: | Route | Destination | Gateway  |     Genmask     | Interface | Flags |
[   13.803205] cloud-init[969]: ci-info: +-------+-------------+----------+-----------------+-----------+-------+
[   13.803776] cloud-init[969]: ci-info: |   0   |   0.0.0.0   | 10.0.2.2 |     0.0.0.0     |   enp0s3  |   UG  |
[   13.804382] cloud-init[969]: ci-info: |   1   |   10.0.2.0  | 0.0.0.0  |  255.255.255.0  |   enp0s3  |   U   |
[   13.804949] cloud-init[969]: ci-info: |   2   |   10.0.2.2  | 0.0.0.0  | 255.255.255.255 |   enp0s3  |   UH  |
[   13.805515] cloud-init[969]: ci-info: +-------+-------------+----------+-----------------+-----------+-------+
[   13.806073] cloud-init[969]: ci-info: +++++++++++++++++++Route IPv6 info+++++++++++++++++++
[   13.806547] cloud-init[969]: ci-info: +-------+-------------+---------+-----------+-------+
[   13.806976] cloud-init[969]: ci-info: | Route | Destination | Gateway | Interface | Flags |
[   13.807448] cloud-init[969]: ci-info: +-------+-------------+---------+-----------+-------+
[   13.807952] cloud-init[969]: ci-info: |   1   |  fe80::/64  |    ::   |   enp0s3  |   U   |
[   13.808442] cloud-init[969]: ci-info: |   3   |    local    |    ::   |   enp0s3  |   U   |
[   13.808927] cloud-init[969]: ci-info: |   4   |   ff00::/8  |    ::   |   enp0s3  |   U   |
[   13.809397] cloud-init[969]: ci-info: +-------+-------------+---------+-----------+-------+
[   14.487616] cloud-init[969]: Generating public/private rsa key pair.
[   14.488153] cloud-init[969]: Your identification has been saved in /etc/ssh/ssh_host_rsa_key.
[   14.488565] cloud-init[969]: Your public key has been saved in /etc/ssh/ssh_host_rsa_key.pub.
[   14.488999] cloud-init[969]: The key fingerprint is:
[   14.489274] cloud-init[969]: SHA256:C3wRO6aJD8J2twOH+wmveyVMCBgWICv7qgu8GeIFTYc root@ubuntu-bionic
[   14.489747] cloud-init[969]: The key's randomart image is:
[   14.490045] cloud-init[969]: +---[RSA 2048]----+
[   14.490304] cloud-init[969]: |==.     .        |
[   14.490545] cloud-init[969]: |+.. .    o       |
[   14.490795] cloud-init[969]: |o  E o  =        |
[   14.491050] cloud-init[969]: |.oo o+.+ o       |
[   14.491310] cloud-init[969]: |..+.*oB S        |
[   14.491562] cloud-init[969]: |.o.o Bo+..       |
[   14.491847] cloud-init[969]: |oo..o +o.        |
[   14.492120] cloud-init[969]: |+.=  +.o         |
[   14.492378] cloud-init[969]: |==  o++          |
[   14.492639] cloud-init[969]: +----[SHA256]-----+
[   14.492933] cloud-init[969]: Generating public/private dsa key pair.
[   14.493349] cloud-init[969]: Your identification has been saved in /etc/ssh/ssh_host_dsa_key.
[   14.504230] cloud-init[969]: Your public key has been saved in /etc/ssh/ssh_host_dsa_key.pub.
[   14.504846] cloud-init[969]: The key fingerprint is:
[   14.505205] cloud-init[969]: SHA256:JiQyJaozVEOAmqLf2E20eiRgCJlFIm3E2NFhGnymL1E root@ubuntu-bionic
[   14.505820] cloud-init[969]: The key's randomart image is:
[   14.506229] cloud-init[969]: +---[DSA 1024]----+
[   14.506578] cloud-init[969]: |+&X*+.           |
[   14.506892] cloud-init[969]: |BoB*E            |
[   14.507234] cloud-init[969]: |+=+=. .          |
[   14.507555] cloud-init[969]: |B =o o.          |
[   14.507871] cloud-init[969]: |*. + ...S        |
[   14.508208] cloud-init[969]: |.o. o +o         |
[   14.520889] cloud-init[969]: | . = *           |
[   14.521431] cloud-init[969]: |  o + o          |
[   14.522024] cloud-init[969]: |     .           |
[   14.522509] cloud-init[969]: +----[SHA256]-----+
[   14.523050] cloud-init[969]: Generating public/private ecdsa key pair.
[   14.523548] cloud-init[969]: Your identification has been saved in /etc/ssh/ssh_host_ecdsa_key.
[   14.524365] cloud-init[969]: Your public key has been saved in /etc/ssh/ssh_host_ecdsa_key.pub.
[   14.524857] cloud-init[969]: The key fingerprint is:
[   14.536226] cloud-init[969]: SHA256:He4kZILkc573H4Qn64fsgQZW9T1tm/pEzKqwOAT6yNA root@ubuntu-bionic
[   14.536750] cloud-init[969]: The key's randomart image is:
[   14.548186] cloud-init[969]: +---[ECDSA 256]---+
[   14.548492] cloud-init[969]: |    .     .      |
[   14.548767] cloud-init[969]: |   o .   . . . . |
[   14.548972] cloud-init[969]: |    + o + . . o o|
[   14.549234] cloud-init[969]: |     = * o o  ooo|
[   14.549485] cloud-init[969]: |  . . * S * o  * |
[   14.549676] cloud-init[969]: | . E . + * =  +  |
[   14.549856] cloud-init[969]: |  o o . oo=..o . |
[   14.550048] cloud-init[969]: |   o . o..=oo.o  |
[   14.550225] cloud-init[969]: |       ..ooo.  . |
[[0;32m  OK  [0m] Started Initial cloud-init job (metadata service crawler).
[   14.560216] cloud-init[969]: +----[SHA256]-----+
[   14.560842] cloud-init[969]: Generating public/private ed25519 key pair.
[[0;32m  OK  [0m] Reached target Cloud-config availability.
[   14.572195] cloud-init[969]: Your identification has been saved in /etc/ssh/ssh_host_ed25519_key.
[[   14.584161] cloud-init[969]: Your public key has been saved in /etc/ssh/ssh_host_ed25519_key.pub.
[   14.584215] cloud-init[969]: The key fingerprint is:
[   14.584325] cloud-init[969]: SHA256:kqVfPN6cIG4ZtIaP4vZS58nymvKPx5Tl8Of/CGA6nYE root@ubuntu-bionic
[   14.584543] cloud-init[969]: The key's randomart image is:
[   14.584776] cloud-init[969]: +--[ED25519 256]--+
[   14.584992] cloud-init[969]: |                 |
[   14.585127] cloud-init[969]: |                 |
[   14.585193] cloud-init[969]: |        o        |
[   14.585324] cloud-init[969]: |       *.+.      |
[   14.585511] cloud-init[969]: |      = E*O      |
[   14.585793] cloud-init[969]: |      .B+XoO..   |
[   14.586018] cloud-init[969]: |    ...*O.+o=    |
[   14.586132] cloud-init[969]: |   .+..+*.  .. . |
[   14.586368] cloud-init[969]: |   ..=**o    .o..|
[   14.586572] cloud-init[969]: +----[SHA256]-----+
[0;32m  OK  [0m] Reached target Network is Online.
         Starting Availability of block devices...
[[0;32m  OK  [0m] Reached target Remote File Systems (Pre).
[[0;32m  OK  [0m] Reached target Remote File Systems.
[[0;32m  OK  [0m] Reached target System Initialization.
[[0;32m  OK  [0m] Started Daily Cleanup of Temporary Directories.
[[0;32m  OK  [0m] Started Discard unused blocks once a week.
         Starting LXD - unix socket.
[[0;32m  OK  [0m] Started Message of the Day.
         Starting Socket activation for snappy daemon.
[[0;32m  OK  [0m] Started Daily apt download activities.
[[0;32m  OK  [0m] Started Daily apt upgrade and clean activities.
[[0;32m  OK  [0m] Listening on D-Bus System Message Bus Socket.
[[0;32m  OK  [0m] Listening on ACPID Listen Socket.
[[0;32m  OK  [0m] Started ACPI Events Check.
[[0;32m  OK  [0m] Reached target Paths.
[[0;32m  OK  [0m] Listening on Open-iSCSI iscsid Socket.
[[0;32m  OK  [0m] Listening on UUID daemon activation socket.
[[0;32m  OK  [0m] Listening on cloud-init hotplug hook socket.
[[0;32m  OK  [0m] Started Ubuntu Advantage Timer for running repeated jobs.
[[0;32m  OK  [0m] Reached target Timers.
[[0;32m  OK  [0m] Listening on LXD - unix socket.
[[0;32m  OK  [0m] Listening on Socket activation for snappy daemon.
[[0;32m  OK  [0m] Reached target Sockets.
[[0;32m  OK  [0m] Reached target Basic System.
[[0;32m  OK  [0m] Started Deferred execution scheduler.
         Starting Permit User Sessions...
[[0;32m  OK  [0m] Reached target Login Prompts (Pre).
         Starting LSB: automatic crash report generation...
         Starting Dispatcher daemon for systemd-networkd...
[[0;32m  OK  [0m] Started irqbalance daemon.
         Starting Snap Daemon...
         Starting Pollinate to seed the pseudo random number generator...
[[0;32m  OK  [0m] Started FUSE filesystem for LXC.
         Starting Login Service...
         Starting Accounts Service...
         Starting LSB: Record successful boot for GRUB...
[[0;32m  OK  [0m] Started D-Bus System Message Bus.
[[0;32m  OK  [0m] Started Regular background program processing daemon.
         Starting System Logging Service...
         Starting Virtualbox guest utils...
         Starting LXD - container startup/shutdown...
[[0;32m  OK  [0m] Started Availability of block devices.
[[0;32m  OK  [0m] Started Permit User Sessions.
[[0;32m  OK  [0m] Started Login Service.
[[0;32m  OK  [0m] Started System Logging Service.
[[0;32m  OK  [0m] Started LSB: automatic crash report generation.
         Starting Authorization Manager...
[[0;32m  OK  [0m] Started Unattended Upgrades Shutdown.
         Starting Terminate Plymouth Boot Screen...
         Starting Hold until boot process finishes up...
[[0;32m  OK  [0m] Started Hold until boot process finishes up.
[[0;32m  OK  [0m] Started Serial Getty on ttyS0.
         Starting Set console scheme...
[[0;32m  OK  [0m] Started Terminate Plymouth Boot Screen.
[[0;32m  OK  [0m] Started Set console scheme.
[[0;32m  OK  [0m] Created slice system-getty.slice.
[[0;32m  OK  [0m] Started Getty on tty1.
[[0;32m  OK  [0m] Reached target Login Prompts.
[[0;32m  OK  [0m] Started Authorization Manager.
[[0;32m  OK  [0m] Started Accounts Service.
[[0;32m  OK  [0m] Started LSB: Record successful boot for GRUB.
[[0;32m  OK  [0m] Started Virtualbox guest utils.
[[0;32m  OK  [0m] Started LXD - container startup/shutdown.
[[0;32m  OK  [0m] Started Dispatcher daemon for systemd-networkd.
[[0;32m  OK  [0m] Started Snap Daemon.
         Starting Wait until snapd is fully seeded...
[[0;32m  OK  [0m] Started Pollinate to seed the pseudo random number generator.
         Starting OpenBSD Secure Shell server...
[[0;32m  OK  [0m] Started OpenBSD Secure Shell server.
         Starting Time & Date Service...
[[0;32m  OK  [0m] Started Time & Date Service.
[[0;32m  OK  [0m] Created slice User Slice of vagrant.
         Starting User Manager for UID 1000...
[[0;32m  OK  [0m] Started Session 1 of user vagrant.
[[0;32m  OK  [0m] Started User Manager for UID 1000.
[[0;32m  OK  [0m] Started Wait until snapd is fully seeded.
         Starting Apply the settings specified in cloud-config...
[   20.079075] cloud-init[1775]: Cloud-init v. 23.1.2-0ubuntu0~18.04.1 running 'modules:config' at Tue, 10 Oct 2023 18:27:22 +0000. Up 19.80 seconds.
ci-info: no authorized SSH keys fingerprints found for user ubuntu.
<14>Oct 10 18:27:23 cloud-init: #############################################################
<14>Oct 10 18:27:23 cloud-init: -----BEGIN SSH HOST KEY FINGERPRINTS-----
<14>Oct 10 18:27:23 cloud-init: 1024 SHA256:JiQyJaozVEOAmqLf2E20eiRgCJlFIm3E2NFhGnymL1E root@ubuntu-bionic (DSA)
<14>Oct 10 18:27:23 cloud-init: 256 SHA256:He4kZILkc573H4Qn64fsgQZW9T1tm/pEzKqwOAT6yNA root@ubuntu-bionic (ECDSA)
<14>Oct 10 18:27:23 cloud-init: 256 SHA256:kqVfPN6cIG4ZtIaP4vZS58nymvKPx5Tl8Of/CGA6nYE root@ubuntu-bionic (ED25519)
<14>Oct 10 18:27:23 cloud-init: 2048 SHA256:C3wRO6aJD8J2twOH+wmveyVMCBgWICv7qgu8GeIFTYc root@ubuntu-bionic (RSA)
<14>Oct 10 18:27:23 cloud-init: -----END SSH HOST KEY FINGERPRINTS-----
<14>Oct 10 18:27:23 cloud-init: #############################################################
-----BEGIN SSH HOST KEY KEYS-----
ecdsa-sha2-nistp256 AAAAE2VjZHNhLXNoYTItbmlzdHAyNTYAAAAIbmlzdHAyNTYAAABBBAEvXvCg7OCcNJMy5Mxz0uZhhu8leOk6xLf8eNLqlVfCQr1+vPTcIIH2K9Wr8Ev4ubmeHW7liY+yYZ09clQnICc= root@ubuntu-bionic
ssh-ed25519 AAAAC3NzaC1lZDI1NTE5AAAAIGTbwlWCFvXTOaE+QCpaMKyOFtDnkaFzdbFZwzqOG/Tc root@ubuntu-bionic
ssh-rsa AAAAB3NzaC1yc2EAAAADAQABAAABAQC5jCvhRTrWFli87csj1iJC8q18rGc6ZTEk+nE+52eTsH9hF3v21icJDA2oySIQVDHgmeDNfhAEv1ikMqL6a2VfUqRUhfFxD8BSJZoyXIXBoAHSxTGs1TJjjMRI/JsmgNZkF6oLrULF/cnx1LxZj20kHreyxJGeujXez4HewW5Hz6z0PjNYAooCRFXsnhQzkdkd+I/2pRt/wT2ON+gIvDA+b4NVzTISKQKxP4e9byBkfhaYEzqsw/EZr3LrZ6/z3VjiEaNYLFqh68PYM3tqaL94IAk210vVrh4asBUZwTU4D0qtz3toJ+IutY0w+nFcyTZtS/fXGzpFM/E33dshnTF9 root@ubuntu-bionic
-----END SSH HOST KEY KEYS-----
[   20.511356] cloud-init[1884]: Cloud-init v. 23.1.2-0ubuntu0~18.04.1 running 'modules:final' at Tue, 10 Oct 2023 18:27:23 +0000. Up 20.37 seconds.
[   20.512762] cloud-init[1884]: Cloud-init v. 23.1.2-0ubuntu0~18.04.1 finished at Tue, 10 Oct 2023 18:27:23 +0000. Datasource DataSourceNoCloud [seed=/dev/sdb][dsmode=net].  Up 20.50 seconds

Ubuntu 18.04.6 LTS jenkins ttyS0

jenkins login:          Stopping Hostname Service...
[[0;32m  OK  [0m] Closed Load/Save RF Kill Switch Status /dev/rfkill Watch.
[[0;32m  OK  [0m] Stopped target Cloud-init target.
         Stopping User Manager for UID 1000...
[[0;32m  OK  [0m] Stopped target Host and Network Name Lookups.
         Stopping Authorization Manager...
         Stopping Availability of block devices...
         Stopping Time & Date Service...
         Stopping Session 1 of user vagrant.
[[0;32m  OK  [0m] Stopped Execute cloud user/final scripts.
[[0;32m  OK  [0m] Stopped target Graphical Interface.
         Stopping Accounts Service...
[[0;32m  OK  [0m] Stopped target Multi-User System.
         Stopping Regular background program processing daemon...
         Stopping LSB: automatic crash report generation...
         Stopping System Logging Service...
         Stopping Dispatcher daemon for systemd-networkd...
         Stopping irqbalance daemon...
         Stopping LXD - container startup/shutdown...
[[0;32m  OK  [0m] Stopped target Login Prompts.
         Stopping Getty on tty1...
         Stopping Serial Getty on ttyS0...
         Stopping OpenBSD Secure Shell server...
         Stopping Virtualbox guest utils...
         Stopping LSB: Record successful boot for GRUB...
         Stopping D-Bus System Message Bus...
[[0;32m  OK  [0m] Stopped target Timers.
[[0;32m  OK  [0m] Stopped Daily Cleanup of Temporary Directories.
[[0;32m  OK  [0m] Stopped Ubuntu Advantage Timer for running repeated jobs.
[[0;32m  OK  [0m] Stopped Daily apt upgrade and clean activities.
[[0;32m  OK  [0m] Stopped Daily apt download activities.
[[0;32m  OK  [0m] Stopped Message of the Day.
[[0;32m  OK  [0m] Stopped Discard unused blocks once a week.
[[0;32m  OK  [0m] Stopped target System Time Synchronized.
[[0;32m  OK  [0m] Stopped Apply the settings specified in cloud-config.
[[0;32m  OK  [0m] Stopped Wait until snapd is fully seeded.
[[0;32m  OK  [0m] Stopped target Network is Online.
[[0;32m  OK  [0m] Stopped target Cloud-config availability.
         Stopping FUSE filesystem for LXC...
         Stopping Deferred execution scheduler...
[[0;32m  OK  [0m] Unmounted /var/lib/lxcfs.
[[0;32m  OK  [0m] Stopped Deferred execution scheduler.
[[0;32m  OK  [0m] Stopped Dispatcher daemon for systemd-networkd.
[[0;32m  OK  [0m] Stopped irqbalance daemon.
[[0;32m  OK  [0m] Stopped Accounts Service.
[[0;32m  OK  [0m] Stopped Regular background program processing daemon.
[[0;32m  OK  [0m] Stopped System Logging Service.
[[0;32m  OK  [0m] Stopped Authorization Manager.
[[0;32m  OK  [0m] Stopped Serial Getty on ttyS0.
[[0;32m  OK  [0m] Stopped Getty on tty1.
[[0;32m  OK  [0m] Stopped OpenBSD Secure Shell server.
[[0;32m  OK  [0m] Stopped Time & Date Service.
[[0;32m  OK  [0m] Stopped Hostname Service.
[[0;32m  OK  [0m] Stopped D-Bus System Message Bus.
[[0;32m  OK  [0m] Stopped Session 1 of user vagrant.
[[0;32m  OK  [0m] Removed slice system-getty.slice.
[[0;32m  OK  [0m] Stopped target Login Prompts (Pre).
[[0;32m  OK  [0m] Removed slice system-serial\x2dgetty.slice.
[[0;32m  OK  [0m] Stopped LXD - container startup/shutdown.
[[0;32m  OK  [0m] Stopped FUSE filesystem for LXC.
[[0;32m  OK  [0m] Stopped LSB: Record successful boot for GRUB.
[[0;32m  OK  [0m] Stopped LSB: automatic crash report generation.
[[0;32m  OK  [0m] Stopped Virtualbox guest utils.
[[0;32m  OK  [0m] Stopped User Manager for UID 1000.
[[0;32m  OK  [0m] Removed slice User Slice of vagrant.
         Stopping Permit User Sessions...
         Stopping Login Service...
[[0;32m  OK  [0m] Stopped Permit User Sessions.
[[0;32m  OK  [0m] Stopped target Remote File Systems.
[[0;32m  OK  [0m] Stopped target Remote File Systems (Pre).
[[0;32m  OK  [0m] Stopped target Network.
         Stopping Network Name Resolution...
[[0;32m  OK  [0m] Stopped Availability of block devices.
[[0;32m  OK  [0m] Stopped Network Name Resolution.
         Stopping Network Service...
[[0;32m  OK  [0m] Stopped Network Service.
[[0;32m  OK  [0m] Stopped target Network (Pre).
[[0;32m  OK  [0m] Stopped Login Service.
[[0;32m  OK  [0m] Stopped target Basic System.
[[0;32m  OK  [0m] Stopped target Paths.
[[0;32m  OK  [0m] Stopped ACPI Events Check.
[[0;32m  OK  [0m] Stopped target Slices.
[[0;32m  OK  [0m] Stopped target Sockets.
[[0;32m  OK  [0m] Closed Open-iSCSI iscsid Socket.
[[0;32m  OK  [0m] Closed LXD - unix socket.
[[0;32m  OK  [0m] Closed Socket activation for snappy daemon.
[[0;32m  OK  [0m] Closed ACPID Listen Socket.
[[0;32m  OK  [0m] Closed Syslog Socket.
[[0;32m  OK  [0m] Closed cloud-init hotplug hook socket.
[[0;32m  OK  [0m] Closed UUID daemon activation socket.
[[0;32m  OK  [0m] Stopped target User and Group Name Lookups.
[[0;32m  OK  [0m] Closed D-Bus System Message Bus Socket.
[[0;32m  OK  [0m] Stopped target System Initialization.
[[0;32m  OK  [0m] Stopped Initial cloud-init job (metadata service crawler).
[[0;32m  OK  [0m] Stopped Commit a transient machine-id on disk.
         Stopping Load/Save Random Seed...
[[0;32m  OK  [0m] Stopped target Local Encrypted Volumes.
[[0;32m  OK  [0m] Stopped Dispatch Password Requests to Console Directory Watch.
[[0;32m  OK  [0m] Stopped Forward Password Requests to Wall Directory Watch.
[[0;32m  OK  [0m] Stopped Initial cloud-init job (pre-networking).
[[0;32m  OK  [0m] Stopped Apply Kernel Variables.
[[0;32m  OK  [0m] Stopped Load Kernel Modules.
         Stopping Update UTMP about System Boot/Shutdown...
[[0;32m  OK  [0m] Removed slice User and Session Slice.
[[0;32m  OK  [0m] Stopped Load/Save Random Seed.
[[0;32m  OK  [0m] Stopped Update UTMP about System Boot/Shutdown.
[[0;32m  OK  [0m] Stopped Create Volatile Files and Directories.
[[0;32m  OK  [0m] Stopped target Local File Systems.
[[0;32m  OK  [0m] Stopped target Mounted snaps.
[[0;32m  OK  [0m] Stopped target Mounting snaps.
         Unmounting /run/user/1000...
[[0;32m  OK  [0m] Unmounted /run/user/1000.
[[0;32m  OK  [0m] Reached target Unmount All Filesystems.
[[0;32m  OK  [0m] Stopped target Swap.
[[0;32m  OK  [0m] Stopped target Local File Systems (Pre).
[[0;32m  OK  [0m] Stopped Remount Root and Kernel File Systems.
         Stopping Monitoring of LVM2 mirrorsâ€¦ng dmeventd or progress polling...
[[0;32m  OK  [0m] Stopped Create Static Device Nodes in /dev.
[[0;32m  OK  [0m] Reached target Shutdown.
[[0;32m  OK  [0m] Reached target Final Step.
         Starting Power-Off...
[[0;32m  OK  [0m] Stopped Monitoring of LVM2 mirrors,â€¦sing dmeventd or progress polling.
         Stopping LVM2 metadata daemon...
[   27.106929] reboot: Power down
